Archive member included to satisfy reference by file (symbol)

d:/st/stm32cubeide_1.4.0/stm32cubeide/plugins/com.st.stm32cube.ide.mcu.externaltools.gnu-tools-for-stm32.7-2018-q2-update.win32_1.5.0.202011040924/tools/bin/../lib/gcc/arm-none-eabi/7.3.1/../../../../arm-none-eabi/lib/thumb/v7e-m/fpv4-sp/hard\libc_nano.a(lib_a-errno.o)
                              Core/Src/syscalls.o (__errno)
d:/st/stm32cubeide_1.4.0/stm32cubeide/plugins/com.st.stm32cube.ide.mcu.externaltools.gnu-tools-for-stm32.7-2018-q2-update.win32_1.5.0.202011040924/tools/bin/../lib/gcc/arm-none-eabi/7.3.1/../../../../arm-none-eabi/lib/thumb/v7e-m/fpv4-sp/hard\libc_nano.a(lib_a-exit.o)
                              d:/st/stm32cubeide_1.4.0/stm32cubeide/plugins/com.st.stm32cube.ide.mcu.externaltools.gnu-tools-for-stm32.7-2018-q2-update.win32_1.5.0.202011040924/tools/bin/../lib/gcc/arm-none-eabi/7.3.1/../../../../arm-none-eabi/lib/thumb/v7e-m/fpv4-sp/hard/crt0.o (exit)
d:/st/stm32cubeide_1.4.0/stm32cubeide/plugins/com.st.stm32cube.ide.mcu.externaltools.gnu-tools-for-stm32.7-2018-q2-update.win32_1.5.0.202011040924/tools/bin/../lib/gcc/arm-none-eabi/7.3.1/../../../../arm-none-eabi/lib/thumb/v7e-m/fpv4-sp/hard\libc_nano.a(lib_a-impure.o)
                              d:/st/stm32cubeide_1.4.0/stm32cubeide/plugins/com.st.stm32cube.ide.mcu.externaltools.gnu-tools-for-stm32.7-2018-q2-update.win32_1.5.0.202011040924/tools/bin/../lib/gcc/arm-none-eabi/7.3.1/../../../../arm-none-eabi/lib/thumb/v7e-m/fpv4-sp/hard\libc_nano.a(lib_a-exit.o) (_global_impure_ptr)
d:/st/stm32cubeide_1.4.0/stm32cubeide/plugins/com.st.stm32cube.ide.mcu.externaltools.gnu-tools-for-stm32.7-2018-q2-update.win32_1.5.0.202011040924/tools/bin/../lib/gcc/arm-none-eabi/7.3.1/../../../../arm-none-eabi/lib/thumb/v7e-m/fpv4-sp/hard\libc_nano.a(lib_a-init.o)
                              d:/st/stm32cubeide_1.4.0/stm32cubeide/plugins/com.st.stm32cube.ide.mcu.externaltools.gnu-tools-for-stm32.7-2018-q2-update.win32_1.5.0.202011040924/tools/bin/../lib/gcc/arm-none-eabi/7.3.1/../../../../arm-none-eabi/lib/thumb/v7e-m/fpv4-sp/hard/crt0.o (__libc_init_array)
d:/st/stm32cubeide_1.4.0/stm32cubeide/plugins/com.st.stm32cube.ide.mcu.externaltools.gnu-tools-for-stm32.7-2018-q2-update.win32_1.5.0.202011040924/tools/bin/../lib/gcc/arm-none-eabi/7.3.1/../../../../arm-none-eabi/lib/thumb/v7e-m/fpv4-sp/hard\libc_nano.a(lib_a-memset.o)
                              d:/st/stm32cubeide_1.4.0/stm32cubeide/plugins/com.st.stm32cube.ide.mcu.externaltools.gnu-tools-for-stm32.7-2018-q2-update.win32_1.5.0.202011040924/tools/bin/../lib/gcc/arm-none-eabi/7.3.1/../../../../arm-none-eabi/lib/thumb/v7e-m/fpv4-sp/hard/crt0.o (memset)
d:/st/stm32cubeide_1.4.0/stm32cubeide/plugins/com.st.stm32cube.ide.mcu.externaltools.gnu-tools-for-stm32.7-2018-q2-update.win32_1.5.0.202011040924/tools/bin/../lib/gcc/arm-none-eabi/7.3.1/thumb/v7e-m/fpv4-sp/hard\libgcc.a(_arm_addsubdf3.o)
                              Core/Src/MS_signal_control.o (__aeabi_dsub)
d:/st/stm32cubeide_1.4.0/stm32cubeide/plugins/com.st.stm32cube.ide.mcu.externaltools.gnu-tools-for-stm32.7-2018-q2-update.win32_1.5.0.202011040924/tools/bin/../lib/gcc/arm-none-eabi/7.3.1/thumb/v7e-m/fpv4-sp/hard\libgcc.a(_arm_muldivdf3.o)
                              Core/Src/MS_signal_control.o (__aeabi_ddiv)
d:/st/stm32cubeide_1.4.0/stm32cubeide/plugins/com.st.stm32cube.ide.mcu.externaltools.gnu-tools-for-stm32.7-2018-q2-update.win32_1.5.0.202011040924/tools/bin/../lib/gcc/arm-none-eabi/7.3.1/thumb/v7e-m/fpv4-sp/hard\libgcc.a(_arm_fixunsdfsi.o)
                              Core/Src/MS_signal_control.o (__aeabi_d2uiz)
d:/st/stm32cubeide_1.4.0/stm32cubeide/plugins/com.st.stm32cube.ide.mcu.externaltools.gnu-tools-for-stm32.7-2018-q2-update.win32_1.5.0.202011040924/tools/bin/../lib/gcc/arm-none-eabi/7.3.1/thumb/v7e-m/fpv4-sp/hard\libgcc.a(_aeabi_uldivmod.o)
                              Drivers/STM32F7xx_HAL_Driver/Src/stm32f7xx_hal_rcc.o (__aeabi_uldivmod)
d:/st/stm32cubeide_1.4.0/stm32cubeide/plugins/com.st.stm32cube.ide.mcu.externaltools.gnu-tools-for-stm32.7-2018-q2-update.win32_1.5.0.202011040924/tools/bin/../lib/gcc/arm-none-eabi/7.3.1/thumb/v7e-m/fpv4-sp/hard\libgcc.a(_udivmoddi4.o)
                              d:/st/stm32cubeide_1.4.0/stm32cubeide/plugins/com.st.stm32cube.ide.mcu.externaltools.gnu-tools-for-stm32.7-2018-q2-update.win32_1.5.0.202011040924/tools/bin/../lib/gcc/arm-none-eabi/7.3.1/thumb/v7e-m/fpv4-sp/hard\libgcc.a(_aeabi_uldivmod.o) (__udivmoddi4)
d:/st/stm32cubeide_1.4.0/stm32cubeide/plugins/com.st.stm32cube.ide.mcu.externaltools.gnu-tools-for-stm32.7-2018-q2-update.win32_1.5.0.202011040924/tools/bin/../lib/gcc/arm-none-eabi/7.3.1/thumb/v7e-m/fpv4-sp/hard\libgcc.a(_dvmd_tls.o)
[...]
Memory Configuration

Name             Origin             Length             Attributes
RAM              0x0000000020000000 0x0000000000050000 xrw
FLASH            0x0000000008000000 0x0000000000100000 xr
*default*        0x0000000000000000 0xffffffffffffffff

Linker script and memory map

LOAD d:/st/stm32cubeide_1.4.0/stm32cubeide/plugins/com.st.stm32cube.ide.mcu.externaltools.gnu-tools-for-stm32.7-2018-q2-update.win32_1.5.0.202011040924/tools/bin/../lib/gcc/arm-none-eabi/7.3.1/thumb/v7e-m/fpv4-sp/hard/crti.o
LOAD d:/st/stm32cubeide_1.4.0/stm32cubeide/plugins/com.st.stm32cube.ide.mcu.externaltools.gnu-tools-for-stm32.7-2018-q2-update.win32_1.5.0.202011040924/tools/bin/../lib/gcc/arm-none-eabi/7.3.1/thumb/v7e-m/fpv4-sp/hard/crtbegin.o
LOAD d:/st/stm32cubeide_1.4.0/stm32cubeide/plugins/com.st.stm32cube.ide.mcu.externaltools.gnu-tools-for-stm32.7-2018-q2-update.win32_1.5.0.202011040924/tools/bin/../lib/gcc/arm-none-eabi/7.3.1/../../../../arm-none-eabi/lib/thumb/v7e-m/fpv4-sp/hard/crt0.o
LOAD Core/Src/MS_UART_trns.o
LOAD Core/Src/MS_core.o
LOAD Core/Src/MS_signal_control.o
LOAD Core/Src/adc.o
LOAD Core/Src/gpio.o
LOAD Core/Src/main.o
LOAD Core/Src/stm32f7xx_hal_msp.o
LOAD Core/Src/stm32f7xx_it.o
LOAD Core/Src/syscalls.o
LOAD Core/Src/sysmem.o
LOAD Core/Src/system_stm32f7xx.o
LOAD Core/Src/tim.o
LOAD Core/Src/usart.o
LOAD Core/Startup/startup_stm32f746zgtx.o
LOAD Drivers/STM32F7xx_HAL_Driver/Src/stm32f7xx_hal.o
LOAD Drivers/STM32F7xx_HAL_Driver/Src/stm32f7xx_hal_adc.o
LOAD Drivers/STM32F7xx_HAL_Driver/Src/stm32f7xx_hal_adc_ex.o
LOAD Drivers/STM32F7xx_HAL_Driver/Src/stm32f7xx_hal_cortex.o
LOAD Drivers/STM32F7xx_HAL_Driver/Src/stm32f7xx_hal_dma.o
LOAD Drivers/STM32F7xx_HAL_Driver/Src/stm32f7xx_hal_dma_ex.o
LOAD Drivers/STM32F7xx_HAL_Driver/Src/stm32f7xx_hal_exti.o
LOAD Drivers/STM32F7xx_HAL_Driver/Src/stm32f7xx_hal_flash.o
LOAD Drivers/STM32F7xx_HAL_Driver/Src/stm32f7xx_hal_flash_ex.o
LOAD Drivers/STM32F7xx_HAL_Driver/Src/stm32f7xx_hal_gpio.o
LOAD Drivers/STM32F7xx_HAL_Driver/Src/stm32f7xx_hal_i2c.o
LOAD Drivers/STM32F7xx_HAL_Driver/Src/stm32f7xx_hal_i2c_ex.o
LOAD Drivers/STM32F7xx_HAL_Driver/Src/stm32f7xx_hal_pwr.o
LOAD Drivers/STM32F7xx_HAL_Driver/Src/stm32f7xx_hal_pwr_ex.o
LOAD Drivers/STM32F7xx_HAL_Driver/Src/stm32f7xx_hal_rcc.o
LOAD Drivers/STM32F7xx_HAL_Driver/Src/stm32f7xx_hal_rcc_ex.o
LOAD Drivers/STM32F7xx_HAL_Driver/Src/stm32f7xx_hal_tim.o
LOAD Drivers/STM32F7xx_HAL_Driver/Src/stm32f7xx_hal_tim_ex.o
LOAD Drivers/STM32F7xx_HAL_Driver/Src/stm32f7xx_hal_uart.o
LOAD Drivers/STM32F7xx_HAL_Driver/Src/stm32f7xx_hal_uart_ex.o
LOAD C:\Users\kesha\STM32Cube\Repository\Packs\ARM\CMSIS\5.7.0\CMSIS\DSP\Lib\GCC\libarm_cortexM7lfsp_math.a
START GROUP
LOAD d:/st/stm32cubeide_1.4.0/stm32cubeide/plugins/com.st.stm32cube.ide.mcu.externaltools.gnu-tools-for-stm32.7-2018-q2-update.win32_1.5.0.202011040924/tools/bin/../lib/gcc/arm-none-eabi/7.3.1/../../../../arm-none-eabi/lib/thumb/v7e-m/fpv4-sp/hard\libc_nano.a
LOAD d:/st/stm32cubeide_1.4.0/stm32cubeide/plugins/com.st.stm32cube.ide.mcu.externaltools.gnu-tools-for-stm32.7-2018-q2-update.win32_1.5.0.202011040924/tools/bin/../lib/gcc/arm-none-eabi/7.3.1/../../../../arm-none-eabi/lib/thumb/v7e-m/fpv4-sp/hard\libm.a
END GROUP
START GROUP
LOAD d:/st/stm32cubeide_1.4.0/stm32cubeide/plugins/com.st.stm32cube.ide.mcu.externaltools.gnu-tools-for-stm32.7-2018-q2-update.win32_1.5.0.202011040924/tools/bin/../lib/gcc/arm-none-eabi/7.3.1/thumb/v7e-m/fpv4-sp/hard\libgcc.a
LOAD d:/st/stm32cubeide_1.4.0/stm32cubeide/plugins/com.st.stm32cube.ide.mcu.externaltools.gnu-tools-for-stm32.7-2018-q2-update.win32_1.5.0.202011040924/tools/bin/../lib/gcc/arm-none-eabi/7.3.1/../../../../arm-none-eabi/lib/thumb/v7e-m/fpv4-sp/hard\libc_nano.a
END GROUP
START GROUP
LOAD d:/st/stm32cubeide_1.4.0/stm32cubeide/plugins/com.st.stm32cube.ide.mcu.externaltools.gnu-tools-for-stm32.7-2018-q2-update.win32_1.5.0.202011040924/tools/bin/../lib/gcc/arm-none-eabi/7.3.1/thumb/v7e-m/fpv4-sp/hard\libgcc.a
LOAD d:/st/stm32cubeide_1.4.0/stm32cubeide/plugins/com.st.stm32cube.ide.mcu.externaltools.gnu-tools-for-stm32.7-2018-q2-update.win32_1.5.0.202011040924/tools/bin/../lib/gcc/arm-none-eabi/7.3.1/../../../../arm-none-eabi/lib/thumb/v7e-m/fpv4-sp/hard\libc_nano.a
LOAD d:/st/stm32cubeide_1.4.0/stm32cubeide/plugins/com.st.stm32cube.ide.mcu.externaltools.gnu-tools-for-stm32.7-2018-q2-update.win32_1.5.0.202011040924/tools/bin/../lib/gcc/arm-none-eabi/7.3.1/../../../../arm-none-eabi/lib/thumb/v7e-m/fpv4-sp/hard\libnosys.a
END GROUP
START GROUP
LOAD d:/st/stm32cubeide_1.4.0/stm32cubeide/plugins/com.st.stm32cube.ide.mcu.externaltools.gnu-tools-for-stm32.7-2018-q2-update.win32_1.5.0.202011040924/tools/bin/../lib/gcc/arm-none-eabi/7.3.1/thumb/v7e-m/fpv4-sp/hard\libgcc.a
LOAD d:/st/stm32cubeide_1.4.0/stm32cubeide/plugins/com.st.stm32cube.ide.mcu.externaltools.gnu-tools-for-stm32.7-2018-q2-update.win32_1.5.0.202011040924/tools/bin/../lib/gcc/arm-none-eabi/7.3.1/../../../../arm-none-eabi/lib/thumb/v7e-m/fpv4-sp/hard\libc_nano.a
LOAD d:/st/stm32cubeide_1.4.0/stm32cubeide/plugins/com.st.stm32cube.ide.mcu.externaltools.gnu-tools-for-stm32.7-2018-q2-update.win32_1.5.0.202011040924/tools/bin/../lib/gcc/arm-none-eabi/7.3.1/../../../../arm-none-eabi/lib/thumb/v7e-m/fpv4-sp/hard\libnosys.a
END GROUP
LOAD d:/st/stm32cubeide_1.4.0/stm32cubeide/plugins/com.st.stm32cube.ide.mcu.externaltools.gnu-tools-for-stm32.7-2018-q2-update.win32_1.5.0.202011040924/tools/bin/../lib/gcc/arm-none-eabi/7.3.1/thumb/v7e-m/fpv4-sp/hard/crtend.o
LOAD d:/st/stm32cubeide_1.4.0/stm32cubeide/plugins/com.st.stm32cube.ide.mcu.externaltools.gnu-tools-for-stm32.7-2018-q2-update.win32_1.5.0.202011040924/tools/bin/../lib/gcc/arm-none-eabi/7.3.1/thumb/v7e-m/fpv4-sp/hard/crtn.o
                0x0000000020050000                _estack = (ORIGIN (RAM) + LENGTH (RAM))
                0x0000000000000200                _Min_Heap_Size = 0x200
                0x0000000000000400                _Min_Stack_Size = 0x400

.isr_vector     0x0000000008000000      0x1c8
                0x0000000008000000                . = ALIGN (0x4)
 *(.isr_vector)
 .isr_vector    0x0000000008000000      0x1c8 Core/Startup/startup_stm32f746zgtx.o
                0x0000000008000000                g_pfnVectors
                0x00000000080001c8                . = ALIGN (0x4)

.text           0x00000000080001c8     0x60f8
                0x00000000080001c8                . = ALIGN (0x4)
 *(.text)
 .text          0x00000000080001c8       0x40 d:/st/stm32cubeide_1.4.0/stm32cubeide/plugins/com.st.stm32cube.ide.mcu.externaltools.gnu-tools-for-stm32.7-2018-q2-update.win32_1.5.0.202011040924/tools/bin/../lib/gcc/arm-none-eabi/7.3.1/thumb/v7e-m/fpv4-sp/hard/crtbegin.o
 .text          0x0000000008000208      0x378 d:/st/stm32cubeide_1.4.0/stm32cubeide/plugins/com.st.stm32cube.ide.mcu.externaltools.gnu-tools-for-stm32.7-2018-q2-update.win32_1.5.0.202011040924/tools/bin/../lib/gcc/arm-none-eabi/7.3.1/thumb/v7e-m/fpv4-sp/hard\libgcc.a(_arm_addsubdf3.o)
                0x0000000008000208                __aeabi_drsub
                0x0000000008000210                __aeabi_dsub
                0x0000000008000210                __subdf3
                0x0000000008000214                __aeabi_dadd
                0x0000000008000214                __adddf3
                0x000000000800048c                __floatunsidf
                0x000000000800048c                __aeabi_ui2d
                0x00000000080004ac                __floatsidf
                0x00000000080004ac                __aeabi_i2d
                0x00000000080004d0                __aeabi_f2d
                0x00000000080004d0                __extendsfdf2
                0x0000000008000514                __floatundidf
                0x0000000008000514                __aeabi_ul2d
                0x0000000008000524                __floatdidf
                0x0000000008000524                __aeabi_l2d
 .text          0x0000000008000580      0x424 d:/st/stm32cubeide_1.4.0/stm32cubeide/plugins/com.st.stm32cube.ide.mcu.externaltools.gnu-tools-for-stm32.7-2018-q2-update.win32_1.5.0.202011040924/tools/bin/../lib/gcc/arm-none-eabi/7.3.1/thumb/v7e-m/fpv4-sp/hard\libgcc.a(_arm_muldivdf3.o)
                0x0000000008000580                __aeabi_dmul
                0x0000000008000580                __muldf3
                0x00000000080007d4                __divdf3
                0x00000000080007d4                __aeabi_ddiv
 .text          0x00000000080009a4       0x40 d:/st/stm32cubeide_1.4.0/stm32cubeide/plugins/com.st.stm32cube.ide.mcu.externaltools.gnu-tools-for-stm32.7-2018-q2-update.win32_1.5.0.202011040924/tools/bin/../lib/gcc/arm-none-eabi/7.3.1/thumb/v7e-m/fpv4-sp/hard\libgcc.a(_arm_fixunsdfsi.o)
                0x00000000080009a4                __aeabi_d2uiz
                0x00000000080009a4                __fixunsdfsi
 .text          0x00000000080009e4       0x30 d:/st/stm32cubeide_1.4.0/stm32cubeide/plugins/com.st.stm32cube.ide.mcu.externaltools.gnu-tools-for-stm32.7-2018-q2-update.win32_1.5.0.202011040924/tools/bin/../lib/gcc/arm-none-eabi/7.3.1/thumb/v7e-m/fpv4-sp/hard\libgcc.a(_aeabi_uldivmod.o)
                0x00000000080009e4                __aeabi_uldivmod
 .text          0x0000000008000a14      0x2cc d:/st/stm32cubeide_1.4.0/stm32cubeide/plugins/com.st.stm32cube.ide.mcu.externaltools.gnu-tools-for-stm32.7-2018-q2-update.win32_1.5.0.202011040924/tools/bin/../lib/gcc/arm-none-eabi/7.3.1/thumb/v7e-m/fpv4-sp/hard\libgcc.a(_udivmoddi4.o)
                0x0000000008000a14                __udivmoddi4
 .text          0x0000000008000ce0        0x4 d:/st/stm32cubeide_1.4.0/stm32cubeide/plugins/com.st.stm32cube.ide.mcu.externaltools.gnu-tools-for-stm32.7-2018-q2-update.win32_1.5.0.202011040924/tools/bin/../lib/gcc/arm-none-eabi/7.3.1/thumb/v7e-m/fpv4-sp/hard\libgcc.a(_dvmd_tls.o)
                0x0000000008000ce0                __aeabi_idiv0
                0x0000000008000ce0                __aeabi_ldiv0
 *(.text*)
 .text.transmit_data_packet
                0x0000000008000ce4       0x58 Core/Src/MS_UART_trns.o
                0x0000000008000ce4                transmit_data_packet
 .text.deparse_received_data
                0x0000000008000d3c       0x38 Core/Src/MS_UART_trns.o
                0x0000000008000d3c                deparse_received_data
 .text.initialize_STM32_interfaces
                0x0000000008000d74       0x68 Core/Src/MS_core.o
                0x0000000008000d74                initialize_STM32_interfaces
 .text.compensate_error
                0x0000000008000ddc       0x5c Core/Src/MS_signal_control.o
                0x0000000008000ddc                compensate_error
 .text.set_PWM_from_RPM
                0x0000000008000e38       0x88 Core/Src/MS_signal_control.o
                0x0000000008000e38                set_PWM_from_RPM
 .text.set_reference_RPM
                0x0000000008000ec0       0x1c Core/Src/MS_signal_control.o
                0x0000000008000ec0                set_reference_RPM
 .text.get_RPM_actual
                0x0000000008000edc       0x2c Core/Src/MS_signal_control.o
                0x0000000008000edc                get_RPM_actual
 .text.increment_counter_at_tacho_ev
                0x0000000008000f08       0x1e Core/Src/MS_signal_control.o
                0x0000000008000f08                increment_counter_at_tacho_ev
 *fill*         0x0000000008000f26        0x2 
 .text.update_PWM_duty
                0x0000000008000f28       0x24 Core/Src/MS_signal_control.o
                0x0000000008000f28                update_PWM_duty
 .text.read_PWM_duty
                0x0000000008000f4c       0x24 Core/Src/MS_signal_control.o
                0x0000000008000f4c                read_PWM_duty
 .text.encoder_RPM_update
                0x0000000008000f70       0x5c Core/Src/MS_signal_control.o
                0x0000000008000f70                encoder_RPM_update
 .text.MX_ADC1_Init
                0x0000000008000fcc       0xa4 Core/Src/adc.o
                0x0000000008000fcc                MX_ADC1_Init
 .text.HAL_ADC_MspInit
                0x0000000008001070       0x90 Core/Src/adc.o
                0x0000000008001070                HAL_ADC_MspInit
 .text.MX_GPIO_Init
                0x0000000008001100      0x398 Core/Src/gpio.o
                0x0000000008001100                MX_GPIO_Init
 .text.main     0x0000000008001498       0x3c Core/Src/main.o
                0x0000000008001498                main
 .text.SystemClock_Config
                0x00000000080014d4      0x120 Core/Src/main.o
                0x00000000080014d4                SystemClock_Config
 .text.HAL_GPIO_EXTI_Callback
                0x00000000080015f4       0x3c Core/Src/main.o
                0x00000000080015f4                HAL_GPIO_EXTI_Callback
 .text.HAL_TIM_PeriodElapsedCallback
                0x0000000008001630       0x40 Core/Src/main.o
                0x0000000008001630                HAL_TIM_PeriodElapsedCallback
 .text.HAL_UART_RxCpltCallback
                0x0000000008001670       0x48 Core/Src/main.o
                0x0000000008001670                HAL_UART_RxCpltCallback
 .text.Error_Handler
                0x00000000080016b8        0xe Core/Src/main.o
                0x00000000080016b8                Error_Handler
 *fill*         0x00000000080016c6        0x2 
 .text.HAL_MspInit
                0x00000000080016c8       0x54 Core/Src/stm32f7xx_hal_msp.o
                0x00000000080016c8                HAL_MspInit
 .text.NMI_Handler
                0x000000000800171c        0xe Core/Src/stm32f7xx_it.o
                0x000000000800171c                NMI_Handler
 .text.HardFault_Handler
                0x000000000800172a        0x6 Core/Src/stm32f7xx_it.o
                0x000000000800172a                HardFault_Handler
 .text.MemManage_Handler
                0x0000000008001730        0x6 Core/Src/stm32f7xx_it.o
                0x0000000008001730                MemManage_Handler
 .text.BusFault_Handler
                0x0000000008001736        0x6 Core/Src/stm32f7xx_it.o
                0x0000000008001736                BusFault_Handler
 .text.UsageFault_Handler
                0x000000000800173c        0x6 Core/Src/stm32f7xx_it.o
                0x000000000800173c                UsageFault_Handler
 .text.SVC_Handler
                0x0000000008001742        0xe Core/Src/stm32f7xx_it.o
                0x0000000008001742                SVC_Handler
 .text.DebugMon_Handler
                0x0000000008001750        0xe Core/Src/stm32f7xx_it.o
                0x0000000008001750                DebugMon_Handler
 .text.PendSV_Handler
                0x000000000800175e        0xe Core/Src/stm32f7xx_it.o
                0x000000000800175e                PendSV_Handler
 .text.SysTick_Handler
                0x000000000800176c        0xc Core/Src/stm32f7xx_it.o
                0x000000000800176c                SysTick_Handler
 .text.RCC_IRQHandler
                0x0000000008001778        0xe Core/Src/stm32f7xx_it.o
                0x0000000008001778                RCC_IRQHandler
 .text.EXTI0_IRQHandler
                0x0000000008001786        0xe Core/Src/stm32f7xx_it.o
                0x0000000008001786                EXTI0_IRQHandler
 .text.ADC_IRQHandler
                0x0000000008001794       0x14 Core/Src/stm32f7xx_it.o
                0x0000000008001794                ADC_IRQHandler
 .text.EXTI9_5_IRQHandler
                0x00000000080017a8       0x1c Core/Src/stm32f7xx_it.o
                0x00000000080017a8                EXTI9_5_IRQHandler
 .text.TIM2_IRQHandler
                0x00000000080017c4       0x14 Core/Src/stm32f7xx_it.o
                0x00000000080017c4                TIM2_IRQHandler
 .text.TIM4_IRQHandler
                0x00000000080017d8       0x14 Core/Src/stm32f7xx_it.o
                0x00000000080017d8                TIM4_IRQHandler
 .text.USART3_IRQHandler
                0x00000000080017ec       0x14 Core/Src/stm32f7xx_it.o
                0x00000000080017ec                USART3_IRQHandler
 .text.EXTI15_10_IRQHandler
                0x0000000008001800       0x18 Core/Src/stm32f7xx_it.o
                0x0000000008001800                EXTI15_10_IRQHandler
 .text.TIM8_TRG_COM_TIM14_IRQHandler
                0x0000000008001818       0x14 Core/Src/stm32f7xx_it.o
                0x0000000008001818                TIM8_TRG_COM_TIM14_IRQHandler
 .text.TIM6_DAC_IRQHandler
                0x000000000800182c       0x14 Core/Src/stm32f7xx_it.o
                0x000000000800182c                TIM6_DAC_IRQHandler
 .text.TIM7_IRQHandler
                0x0000000008001840       0x14 Core/Src/stm32f7xx_it.o
                0x0000000008001840                TIM7_IRQHandler
 .text.SystemInit
                0x0000000008001854       0x2c Core/Src/system_stm32f7xx.o
                0x0000000008001854                SystemInit
 .text.MX_TIM2_Init
                0x0000000008001880       0x9c Core/Src/tim.o
                0x0000000008001880                MX_TIM2_Init
 .text.MX_TIM3_Init
                0x000000000800191c      0x128 Core/Src/tim.o
                0x000000000800191c                MX_TIM3_Init
 .text.MX_TIM4_Init
                0x0000000008001a44       0xf0 Core/Src/tim.o
                0x0000000008001a44                MX_TIM4_Init
 .text.MX_TIM6_Init
                0x0000000008001b34       0x70 Core/Src/tim.o
                0x0000000008001b34                MX_TIM6_Init
 .text.MX_TIM7_Init
                0x0000000008001ba4       0x70 Core/Src/tim.o
                0x0000000008001ba4                MX_TIM7_Init
 .text.MX_TIM14_Init
                0x0000000008001c14       0x48 Core/Src/tim.o
                0x0000000008001c14                MX_TIM14_Init
 .text.HAL_TIM_Base_MspInit
                0x0000000008001c5c      0x19c Core/Src/tim.o
                0x0000000008001c5c                HAL_TIM_Base_MspInit
 .text.HAL_TIM_MspPostInit
                0x0000000008001df8       0xf8 Core/Src/tim.o
                0x0000000008001df8                HAL_TIM_MspPostInit
 .text.MX_USART3_UART_Init
                0x0000000008001ef0       0x60 Core/Src/usart.o
                0x0000000008001ef0                MX_USART3_UART_Init
 .text.HAL_UART_MspInit
                0x0000000008001f50       0x98 Core/Src/usart.o
                0x0000000008001f50                HAL_UART_MspInit
 .text.Reset_Handler
                0x0000000008001fe8       0x50 Core/Startup/startup_stm32f746zgtx.o
                0x0000000008001fe8                Reset_Handler
 .text.Default_Handler
                0x0000000008002038        0x2 Core/Startup/startup_stm32f746zgtx.o
                0x0000000008002038                RTC_Alarm_IRQHandler
                0x0000000008002038                EXTI2_IRQHandler
                0x0000000008002038                TIM8_CC_IRQHandler
                0x0000000008002038                UART8_IRQHandler
                0x0000000008002038                SPI4_IRQHandler
                0x0000000008002038                TIM1_CC_IRQHandler
                0x0000000008002038                DMA2_Stream5_IRQHandler
                0x0000000008002038                DMA1_Stream5_IRQHandler
                0x0000000008002038                PVD_IRQHandler
                0x0000000008002038                TAMP_STAMP_IRQHandler
                0x0000000008002038                CAN2_RX1_IRQHandler
                0x0000000008002038                EXTI3_IRQHandler
                0x0000000008002038                TIM1_UP_TIM10_IRQHandler
                0x0000000008002038                TIM8_UP_TIM13_IRQHandler
                0x0000000008002038                I2C3_ER_IRQHandler
                0x0000000008002038                I2C2_EV_IRQHandler
                0x0000000008002038                DMA1_Stream2_IRQHandler
                0x0000000008002038                CAN1_RX0_IRQHandler
                0x0000000008002038                FPU_IRQHandler
                0x0000000008002038                OTG_HS_WKUP_IRQHandler
                0x0000000008002038                LTDC_ER_IRQHandler
                0x0000000008002038                CAN2_SCE_IRQHandler
                0x0000000008002038                DMA2_Stream2_IRQHandler
                0x0000000008002038                SPI1_IRQHandler
                0x0000000008002038                TIM1_BRK_TIM9_IRQHandler
                0x0000000008002038                DCMI_IRQHandler
                0x0000000008002038                CAN2_RX0_IRQHandler
                0x0000000008002038                DMA2_Stream3_IRQHandler
                0x0000000008002038                SAI2_IRQHandler
                0x0000000008002038                USART6_IRQHandler
                0x0000000008002038                CAN1_RX1_IRQHandler
                0x0000000008002038                UART5_IRQHandler
                0x0000000008002038                DMA2_Stream0_IRQHandler
                0x0000000008002038                QUADSPI_IRQHandler
                0x0000000008002038                I2C1_EV_IRQHandler
                0x0000000008002038                DMA1_Stream6_IRQHandler
                0x0000000008002038                DMA1_Stream1_IRQHandler
                0x0000000008002038                UART4_IRQHandler
                0x0000000008002038                TIM3_IRQHandler
                0x0000000008002038                TIM8_BRK_TIM12_IRQHandler
                0x0000000008002038                Default_Handler
                0x0000000008002038                CEC_IRQHandler
                0x0000000008002038                DMA1_Stream7_IRQHandler
                0x0000000008002038                SPI5_IRQHandler
                0x0000000008002038                SDMMC1_IRQHandler
                0x0000000008002038                CAN2_TX_IRQHandler
                0x0000000008002038                TIM5_IRQHandler
                0x0000000008002038                DMA2_Stream7_IRQHandler
                0x0000000008002038                I2C3_EV_IRQHandler
                0x0000000008002038                RTC_WKUP_IRQHandler
                0x0000000008002038                LTDC_IRQHandler
                0x0000000008002038                ETH_WKUP_IRQHandler
                0x0000000008002038                SPDIF_RX_IRQHandler
                0x0000000008002038                SPI2_IRQHandler
                0x0000000008002038                OTG_HS_EP1_IN_IRQHandler
                0x0000000008002038                DMA1_Stream0_IRQHandler
                0x0000000008002038                CAN1_TX_IRQHandler
                0x0000000008002038                EXTI4_IRQHandler
                0x0000000008002038                RNG_IRQHandler
                0x0000000008002038                ETH_IRQHandler
                0x0000000008002038                OTG_HS_EP1_OUT_IRQHandler
                0x0000000008002038                WWDG_IRQHandler
                0x0000000008002038                SPI6_IRQHandler
                0x0000000008002038                I2C4_EV_IRQHandler
                0x0000000008002038                OTG_FS_WKUP_IRQHandler
                0x0000000008002038                TIM1_TRG_COM_TIM11_IRQHandler
                0x0000000008002038                OTG_HS_IRQHandler
                0x0000000008002038                DMA2D_IRQHandler
                0x0000000008002038                EXTI1_IRQHandler
                0x0000000008002038                UART7_IRQHandler
                0x0000000008002038                USART2_IRQHandler
                0x0000000008002038                I2C2_ER_IRQHandler
                0x0000000008002038                DMA2_Stream1_IRQHandler
                0x0000000008002038                CAN1_SCE_IRQHandler
                0x0000000008002038                FLASH_IRQHandler
                0x0000000008002038                DMA2_Stream4_IRQHandler
                0x0000000008002038                USART1_IRQHandler
                0x0000000008002038                OTG_FS_IRQHandler
                0x0000000008002038                SPI3_IRQHandler
                0x0000000008002038                DMA1_Stream4_IRQHandler
                0x0000000008002038                I2C1_ER_IRQHandler
                0x0000000008002038                FMC_IRQHandler
                0x0000000008002038                LPTIM1_IRQHandler
                0x0000000008002038                I2C4_ER_IRQHandler
                0x0000000008002038                DMA2_Stream6_IRQHandler
                0x0000000008002038                SAI1_IRQHandler
                0x0000000008002038                DMA1_Stream3_IRQHandler
 .text.HAL_Init
                0x000000000800203a       0x1a Drivers/STM32F7xx_HAL_Driver/Src/stm32f7xx_hal.o
                0x000000000800203a                HAL_Init
 .text.HAL_InitTick
                0x0000000008002054       0x60 Drivers/STM32F7xx_HAL_Driver/Src/stm32f7xx_hal.o
                0x0000000008002054                HAL_InitTick
 .text.HAL_IncTick
                0x00000000080020b4       0x28 Drivers/STM32F7xx_HAL_Driver/Src/stm32f7xx_hal.o
                0x00000000080020b4                HAL_IncTick
 .text.HAL_GetTick
                0x00000000080020dc       0x18 Drivers/STM32F7xx_HAL_Driver/Src/stm32f7xx_hal.o
                0x00000000080020dc                HAL_GetTick
 .text.HAL_ADC_Init
                0x00000000080020f4       0x88 Drivers/STM32F7xx_HAL_Driver/Src/stm32f7xx_hal_adc.o
                0x00000000080020f4                HAL_ADC_Init
 .text.HAL_ADC_IRQHandler
                0x000000000800217c      0x282 Drivers/STM32F7xx_HAL_Driver/Src/stm32f7xx_hal_adc.o
                0x000000000800217c                HAL_ADC_IRQHandler
 .text.HAL_ADC_ConvCpltCallback
                0x00000000080023fe       0x14 Drivers/STM32F7xx_HAL_Driver/Src/stm32f7xx_hal_adc.o
                0x00000000080023fe                HAL_ADC_ConvCpltCallback
 .text.HAL_ADC_LevelOutOfWindowCallback
                0x0000000008002412       0x14 Drivers/STM32F7xx_HAL_Driver/Src/stm32f7xx_hal_adc.o
                0x0000000008002412                HAL_ADC_LevelOutOfWindowCallback
 .text.HAL_ADC_ErrorCallback
                0x0000000008002426       0x14 Drivers/STM32F7xx_HAL_Driver/Src/stm32f7xx_hal_adc.o
                0x0000000008002426                HAL_ADC_ErrorCallback
 *fill*         0x000000000800243a        0x2 
 .text.HAL_ADC_ConfigChannel
                0x000000000800243c      0x294 Drivers/STM32F7xx_HAL_Driver/Src/stm32f7xx_hal_adc.o
                0x000000000800243c                HAL_ADC_ConfigChannel
 .text.ADC_Init
                0x00000000080026d0      0x1f4 Drivers/STM32F7xx_HAL_Driver/Src/stm32f7xx_hal_adc.o
 .text.HAL_ADCEx_InjectedConvCpltCallback
                0x00000000080028c4       0x14 Drivers/STM32F7xx_HAL_Driver/Src/stm32f7xx_hal_adc_ex.o
                0x00000000080028c4                HAL_ADCEx_InjectedConvCpltCallback
 .text.__NVIC_SetPriorityGrouping
                0x00000000080028d8       0x48 Drivers/STM32F7xx_HAL_Driver/Src/stm32f7xx_hal_cortex.o
 .text.__NVIC_GetPriorityGrouping
                0x0000000008002920       0x1c Drivers/STM32F7xx_HAL_Driver/Src/stm32f7xx_hal_cortex.o
 .text.__NVIC_EnableIRQ
                0x000000000800293c       0x3c Drivers/STM32F7xx_HAL_Driver/Src/stm32f7xx_hal_cortex.o
 .text.__NVIC_SetPriority
                0x0000000008002978       0x54 Drivers/STM32F7xx_HAL_Driver/Src/stm32f7xx_hal_cortex.o
 .text.NVIC_EncodePriority
                0x00000000080029cc       0x66 Drivers/STM32F7xx_HAL_Driver/Src/stm32f7xx_hal_cortex.o
 *fill*         0x0000000008002a32        0x2 
 .text.SysTick_Config
                0x0000000008002a34       0x44 Drivers/STM32F7xx_HAL_Driver/Src/stm32f7xx_hal_cortex.o
 .text.HAL_NVIC_SetPriorityGrouping
                0x0000000008002a78       0x16 Drivers/STM32F7xx_HAL_Driver/Src/stm32f7xx_hal_cortex.o
                0x0000000008002a78                HAL_NVIC_SetPriorityGrouping
 .text.HAL_NVIC_SetPriority
                0x0000000008002a8e       0x38 Drivers/STM32F7xx_HAL_Driver/Src/stm32f7xx_hal_cortex.o
                0x0000000008002a8e                HAL_NVIC_SetPriority
 .text.HAL_NVIC_EnableIRQ
                0x0000000008002ac6       0x1c Drivers/STM32F7xx_HAL_Driver/Src/stm32f7xx_hal_cortex.o
                0x0000000008002ac6                HAL_NVIC_EnableIRQ
 .text.HAL_SYSTICK_Config
                0x0000000008002ae2       0x18 Drivers/STM32F7xx_HAL_Driver/Src/stm32f7xx_hal_cortex.o
                0x0000000008002ae2                HAL_SYSTICK_Config
 .text.HAL_DMA_Abort_IT
                0x0000000008002afa       0x44 Drivers/STM32F7xx_HAL_Driver/Src/stm32f7xx_hal_dma.o
                0x0000000008002afa                HAL_DMA_Abort_IT
 *fill*         0x0000000008002b3e        0x2 
 .text.HAL_GPIO_Init
                0x0000000008002b40      0x354 Drivers/STM32F7xx_HAL_Driver/Src/stm32f7xx_hal_gpio.o
                0x0000000008002b40                HAL_GPIO_Init
 .text.HAL_GPIO_ReadPin
                0x0000000008002e94       0x30 Drivers/STM32F7xx_HAL_Driver/Src/stm32f7xx_hal_gpio.o
                0x0000000008002e94                HAL_GPIO_ReadPin
 .text.HAL_GPIO_WritePin
                0x0000000008002ec4       0x32 Drivers/STM32F7xx_HAL_Driver/Src/stm32f7xx_hal_gpio.o
                0x0000000008002ec4                HAL_GPIO_WritePin
 *fill*         0x0000000008002ef6        0x2 
 .text.HAL_GPIO_EXTI_IRQHandler
                0x0000000008002ef8       0x30 Drivers/STM32F7xx_HAL_Driver/Src/stm32f7xx_hal_gpio.o
                0x0000000008002ef8                HAL_GPIO_EXTI_IRQHandler
 .text.HAL_PWREx_EnableOverDrive
                0x0000000008002f28       0xa0 Drivers/STM32F7xx_HAL_Driver/Src/stm32f7xx_hal_pwr_ex.o
                0x0000000008002f28                HAL_PWREx_EnableOverDrive
 .text.HAL_RCC_OscConfig
                0x0000000008002fc8      0x548 Drivers/STM32F7xx_HAL_Driver/Src/stm32f7xx_hal_rcc.o
                0x0000000008002fc8                HAL_RCC_OscConfig
 .text.HAL_RCC_ClockConfig
                0x0000000008003510      0x1d8 Drivers/STM32F7xx_HAL_Driver/Src/stm32f7xx_hal_rcc.o
                0x0000000008003510                HAL_RCC_ClockConfig
 .text.HAL_RCC_GetSysClockFreq
                0x00000000080036e8      0x1b0 Drivers/STM32F7xx_HAL_Driver/Src/stm32f7xx_hal_rcc.o
                0x00000000080036e8                HAL_RCC_GetSysClockFreq
 .text.HAL_RCC_GetHCLKFreq
                0x0000000008003898       0x18 Drivers/STM32F7xx_HAL_Driver/Src/stm32f7xx_hal_rcc.o
                0x0000000008003898                HAL_RCC_GetHCLKFreq
 .text.HAL_RCC_GetPCLK1Freq
                0x00000000080038b0       0x28 Drivers/STM32F7xx_HAL_Driver/Src/stm32f7xx_hal_rcc.o
                0x00000000080038b0                HAL_RCC_GetPCLK1Freq
 .text.HAL_RCC_GetPCLK2Freq
                0x00000000080038d8       0x28 Drivers/STM32F7xx_HAL_Driver/Src/stm32f7xx_hal_rcc.o
                0x00000000080038d8                HAL_RCC_GetPCLK2Freq
 .text.HAL_RCCEx_PeriphCLKConfig
                0x0000000008003900      0x7dc Drivers/STM32F7xx_HAL_Driver/Src/stm32f7xx_hal_rcc_ex.o
                0x0000000008003900                HAL_RCCEx_PeriphCLKConfig
 .text.HAL_TIM_Base_Init
                0x00000000080040dc       0x56 Drivers/STM32F7xx_HAL_Driver/Src/stm32f7xx_hal_tim.o
                0x00000000080040dc                HAL_TIM_Base_Init
 *fill*         0x0000000008004132        0x2 
 .text.HAL_TIM_Base_Start_IT
                0x0000000008004134       0x54 Drivers/STM32F7xx_HAL_Driver/Src/stm32f7xx_hal_tim.o
                0x0000000008004134                HAL_TIM_Base_Start_IT
 .text.HAL_TIM_OC_Init
                0x0000000008004188       0x56 Drivers/STM32F7xx_HAL_Driver/Src/stm32f7xx_hal_tim.o
                0x0000000008004188                HAL_TIM_OC_Init
 .text.HAL_TIM_OC_MspInit
                0x00000000080041de       0x14 Drivers/STM32F7xx_HAL_Driver/Src/stm32f7xx_hal_tim.o
                0x00000000080041de                HAL_TIM_OC_MspInit
 .text.HAL_TIM_PWM_Init
                0x00000000080041f2       0x56 Drivers/STM32F7xx_HAL_Driver/Src/stm32f7xx_hal_tim.o
                0x00000000080041f2                HAL_TIM_PWM_Init
 .text.HAL_TIM_PWM_MspInit
                0x0000000008004248       0x14 Drivers/STM32F7xx_HAL_Driver/Src/stm32f7xx_hal_tim.o
                0x0000000008004248                HAL_TIM_PWM_MspInit
 .text.HAL_TIM_PWM_Start
                0x000000000800425c       0x88 Drivers/STM32F7xx_HAL_Driver/Src/stm32f7xx_hal_tim.o
                0x000000000800425c                HAL_TIM_PWM_Start
 .text.HAL_TIM_IRQHandler
                0x00000000080042e4      0x23e Drivers/STM32F7xx_HAL_Driver/Src/stm32f7xx_hal_tim.o
                0x00000000080042e4                HAL_TIM_IRQHandler
 *fill*         0x0000000008004522        0x2 
 .text.HAL_TIM_OC_ConfigChannel
                0x0000000008004524       0xfc Drivers/STM32F7xx_HAL_Driver/Src/stm32f7xx_hal_tim.o
                0x0000000008004524                HAL_TIM_OC_ConfigChannel
 .text.HAL_TIM_PWM_ConfigChannel
                0x0000000008004620      0x230 Drivers/STM32F7xx_HAL_Driver/Src/stm32f7xx_hal_tim.o
                0x0000000008004620                HAL_TIM_PWM_ConfigChannel
 .text.HAL_TIM_ConfigClockSource
                0x0000000008004850      0x174 Drivers/STM32F7xx_HAL_Driver/Src/stm32f7xx_hal_tim.o
                0x0000000008004850                HAL_TIM_ConfigClockSource
 .text.HAL_TIM_OC_DelayElapsedCallback
                0x00000000080049c4       0x14 Drivers/STM32F7xx_HAL_Driver/Src/stm32f7xx_hal_tim.o
                0x00000000080049c4                HAL_TIM_OC_DelayElapsedCallback
 .text.HAL_TIM_IC_CaptureCallback
                0x00000000080049d8       0x14 Drivers/STM32F7xx_HAL_Driver/Src/stm32f7xx_hal_tim.o
                0x00000000080049d8                HAL_TIM_IC_CaptureCallback
 .text.HAL_TIM_PWM_PulseFinishedCallback
                0x00000000080049ec       0x14 Drivers/STM32F7xx_HAL_Driver/Src/stm32f7xx_hal_tim.o
                0x00000000080049ec                HAL_TIM_PWM_PulseFinishedCallback
 .text.HAL_TIM_TriggerCallback
                0x0000000008004a00       0x14 Drivers/STM32F7xx_HAL_Driver/Src/stm32f7xx_hal_tim.o
                0x0000000008004a00                HAL_TIM_TriggerCallback
 .text.TIM_Base_SetConfig
                0x0000000008004a14      0x140 Drivers/STM32F7xx_HAL_Driver/Src/stm32f7xx_hal_tim.o
                0x0000000008004a14                TIM_Base_SetConfig
 .text.TIM_OC1_SetConfig
                0x0000000008004b54       0xe4 Drivers/STM32F7xx_HAL_Driver/Src/stm32f7xx_hal_tim.o
 .text.TIM_OC2_SetConfig
                0x0000000008004c38       0xf0 Drivers/STM32F7xx_HAL_Driver/Src/stm32f7xx_hal_tim.o
                0x0000000008004c38                TIM_OC2_SetConfig
 .text.TIM_OC3_SetConfig
                0x0000000008004d28       0xec Drivers/STM32F7xx_HAL_Driver/Src/stm32f7xx_hal_tim.o
 .text.TIM_OC4_SetConfig
                0x0000000008004e14       0xb0 Drivers/STM32F7xx_HAL_Driver/Src/stm32f7xx_hal_tim.o
 .text.TIM_OC5_SetConfig
                0x0000000008004ec4       0xa4 Drivers/STM32F7xx_HAL_Driver/Src/stm32f7xx_hal_tim.o
 .text.TIM_OC6_SetConfig
                0x0000000008004f68       0xa8 Drivers/STM32F7xx_HAL_Driver/Src/stm32f7xx_hal_tim.o
 .text.TIM_TI1_ConfigInputStage
                0x0000000008005010       0x5e Drivers/STM32F7xx_HAL_Driver/Src/stm32f7xx_hal_tim.o
 .text.TIM_TI2_ConfigInputStage
                0x000000000800506e       0x60 Drivers/STM32F7xx_HAL_Driver/Src/stm32f7xx_hal_tim.o
 .text.TIM_ITRx_SetConfig
                0x00000000080050ce       0x36 Drivers/STM32F7xx_HAL_Driver/Src/stm32f7xx_hal_tim.o
 .text.TIM_ETR_SetConfig
                0x0000000008005104       0x40 Drivers/STM32F7xx_HAL_Driver/Src/stm32f7xx_hal_tim.o
                0x0000000008005104                TIM_ETR_SetConfig
 .text.TIM_CCxChannelCmd
                0x0000000008005144       0x4a Drivers/STM32F7xx_HAL_Driver/Src/stm32f7xx_hal_tim.o
                0x0000000008005144                TIM_CCxChannelCmd
 *fill*         0x000000000800518e        0x2 
 .text.HAL_TIMEx_MasterConfigSynchronization
                0x0000000008005190      0x11c Drivers/STM32F7xx_HAL_Driver/Src/stm32f7xx_hal_tim_ex.o
                0x0000000008005190                HAL_TIMEx_MasterConfigSynchronization
 .text.HAL_TIMEx_CommutCallback
                0x00000000080052ac       0x14 Drivers/STM32F7xx_HAL_Driver/Src/stm32f7xx_hal_tim_ex.o
                0x00000000080052ac                HAL_TIMEx_CommutCallback
 .text.HAL_TIMEx_BreakCallback
                0x00000000080052c0       0x14 Drivers/STM32F7xx_HAL_Driver/Src/stm32f7xx_hal_tim_ex.o
                0x00000000080052c0                HAL_TIMEx_BreakCallback
 .text.HAL_TIMEx_Break2Callback
                0x00000000080052d4       0x14 Drivers/STM32F7xx_HAL_Driver/Src/stm32f7xx_hal_tim_ex.o
                0x00000000080052d4                HAL_TIMEx_Break2Callback
 .text.HAL_UART_Init
                0x00000000080052e8       0x9c Drivers/STM32F7xx_HAL_Driver/Src/stm32f7xx_hal_uart.o
                0x00000000080052e8                HAL_UART_Init
 .text.HAL_UART_Transmit
                0x0000000008005384      0x122 Drivers/STM32F7xx_HAL_Driver/Src/stm32f7xx_hal_uart.o
                0x0000000008005384                HAL_UART_Transmit
 *fill*         0x00000000080054a6        0x2 
 .text.HAL_UART_Receive_IT
                0x00000000080054a8      0x144 Drivers/STM32F7xx_HAL_Driver/Src/stm32f7xx_hal_uart.o
                0x00000000080054a8                HAL_UART_Receive_IT
 .text.HAL_UART_IRQHandler
                0x00000000080055ec      0x264 Drivers/STM32F7xx_HAL_Driver/Src/stm32f7xx_hal_uart.o
                0x00000000080055ec                HAL_UART_IRQHandler
 .text.HAL_UART_TxCpltCallback
                0x0000000008005850       0x14 Drivers/STM32F7xx_HAL_Driver/Src/stm32f7xx_hal_uart.o
                0x0000000008005850                HAL_UART_TxCpltCallback
 .text.HAL_UART_ErrorCallback
                0x0000000008005864       0x14 Drivers/STM32F7xx_HAL_Driver/Src/stm32f7xx_hal_uart.o
                0x0000000008005864                HAL_UART_ErrorCallback
 .text.UART_SetConfig
                0x0000000008005878      0x554 Drivers/STM32F7xx_HAL_Driver/Src/stm32f7xx_hal_uart.o
                0x0000000008005878                UART_SetConfig
 .text.UART_AdvFeatureConfig
                0x0000000008005dcc      0x144 Drivers/STM32F7xx_HAL_Driver/Src/stm32f7xx_hal_uart.o
                0x0000000008005dcc                UART_AdvFeatureConfig
 .text.UART_CheckIdleState
                0x0000000008005f10       0x5e Drivers/STM32F7xx_HAL_Driver/Src/stm32f7xx_hal_uart.o
                0x0000000008005f10                UART_CheckIdleState
 .text.UART_WaitOnFlagUntilTimeout
                0x0000000008005f6e       0xf6 Drivers/STM32F7xx_HAL_Driver/Src/stm32f7xx_hal_uart.o
                0x0000000008005f6e                UART_WaitOnFlagUntilTimeout
 .text.UART_EndRxTransfer
                0x0000000008006064       0x40 Drivers/STM32F7xx_HAL_Driver/Src/stm32f7xx_hal_uart.o
 .text.UART_DMAAbortOnError
                0x00000000080060a4       0x2c Drivers/STM32F7xx_HAL_Driver/Src/stm32f7xx_hal_uart.o
 .text.UART_EndTransmit_IT
                0x00000000080060d0       0x32 Drivers/STM32F7xx_HAL_Driver/Src/stm32f7xx_hal_uart.o
 .text.UART_RxISR_8BIT
                0x0000000008006102       0xa6 Drivers/STM32F7xx_HAL_Driver/Src/stm32f7xx_hal_uart.o
 .text.UART_RxISR_16BIT
                0x00000000080061a8       0xa6 Drivers/STM32F7xx_HAL_Driver/Src/stm32f7xx_hal_uart.o
 *fill*         0x000000000800624e        0x2 
 .text.__libc_init_array
                0x0000000008006250       0x48 d:/st/stm32cubeide_1.4.0/stm32cubeide/plugins/com.st.stm32cube.ide.mcu.externaltools.gnu-tools-for-stm32.7-2018-q2-update.win32_1.5.0.202011040924/tools/bin/../lib/gcc/arm-none-eabi/7.3.1/../../../../arm-none-eabi/lib/thumb/v7e-m/fpv4-sp/hard\libc_nano.a(lib_a-init.o)
                0x0000000008006250                __libc_init_array
 .text.memset   0x0000000008006298       0x10 d:/st/stm32cubeide_1.4.0/stm32cubeide/plugins/com.st.stm32cube.ide.mcu.externaltools.gnu-tools-for-stm32.7-2018-q2-update.win32_1.5.0.202011040924/tools/bin/../lib/gcc/arm-none-eabi/7.3.1/../../../../arm-none-eabi/lib/thumb/v7e-m/fpv4-sp/hard\libc_nano.a(lib_a-memset.o)
                0x0000000008006298                memset
 *(.glue_7)
 .glue_7        0x00000000080062a8        0x0 linker stubs
 *(.glue_7t)
 .glue_7t       0x00000000080062a8        0x0 linker stubs
 *(.eh_frame)
 .eh_frame      0x00000000080062a8        0x0 d:/st/stm32cubeide_1.4.0/stm32cubeide/plugins/com.st.stm32cube.ide.mcu.externaltools.gnu-tools-for-stm32.7-2018-q2-update.win32_1.5.0.202011040924/tools/bin/../lib/gcc/arm-none-eabi/7.3.1/thumb/v7e-m/fpv4-sp/hard/crtbegin.o
 *(.init)
 .init          0x00000000080062a8        0x4 d:/st/stm32cubeide_1.4.0/stm32cubeide/plugins/com.st.stm32cube.ide.mcu.externaltools.gnu-tools-for-stm32.7-2018-q2-update.win32_1.5.0.202011040924/tools/bin/../lib/gcc/arm-none-eabi/7.3.1/thumb/v7e-m/fpv4-sp/hard/crti.o
                0x00000000080062a8                _init
 .init          0x00000000080062ac        0x8 d:/st/stm32cubeide_1.4.0/stm32cubeide/plugins/com.st.stm32cube.ide.mcu.externaltools.gnu-tools-for-stm32.7-2018-q2-update.win32_1.5.0.202011040924/tools/bin/../lib/gcc/arm-none-eabi/7.3.1/thumb/v7e-m/fpv4-sp/hard/crtn.o
 *(.fini)
 .fini          0x00000000080062b4        0x4 d:/st/stm32cubeide_1.4.0/stm32cubeide/plugins/com.st.stm32cube.ide.mcu.externaltools.gnu-tools-for-stm32.7-2018-q2-update.win32_1.5.0.202011040924/tools/bin/../lib/gcc/arm-none-eabi/7.3.1/thumb/v7e-m/fpv4-sp/hard/crti.o
                0x00000000080062b4                _fini
 .fini          0x00000000080062b8        0x8 d:/st/stm32cubeide_1.4.0/stm32cubeide/plugins/com.st.stm32cube.ide.mcu.externaltools.gnu-tools-for-stm32.7-2018-q2-update.win32_1.5.0.202011040924/tools/bin/../lib/gcc/arm-none-eabi/7.3.1/thumb/v7e-m/fpv4-sp/hard/crtn.o
                0x00000000080062c0                . = ALIGN (0x4)
                0x00000000080062c0                _etext = .

.vfp11_veneer   0x00000000080062c0        0x0
 .vfp11_veneer  0x00000000080062c0        0x0 linker stubs

.v4_bx          0x00000000080062c0        0x0
 .v4_bx         0x00000000080062c0        0x0 linker stubs

.iplt           0x00000000080062c0        0x0
 .iplt          0x00000000080062c0        0x0 d:/st/stm32cubeide_1.4.0/stm32cubeide/plugins/com.st.stm32cube.ide.mcu.externaltools.gnu-tools-for-stm32.7-2018-q2-update.win32_1.5.0.202011040924/tools/bin/../lib/gcc/arm-none-eabi/7.3.1/thumb/v7e-m/fpv4-sp/hard/crtbegin.o

.rodata         0x00000000080062c0       0x18
                0x00000000080062c0                . = ALIGN (0x4)
 *(.rodata)
 *(.rodata*)
 .rodata.AHBPrescTable
                0x00000000080062c0       0x10 Core/Src/system_stm32f7xx.o
                0x00000000080062c0                AHBPrescTable
 .rodata.APBPrescTable
                0x00000000080062d0        0x8 Core/Src/system_stm32f7xx.o
                0x00000000080062d0                APBPrescTable
                0x00000000080062d8                . = ALIGN (0x4)

.ARM.extab      0x00000000080062d8        0x0
                0x00000000080062d8                . = ALIGN (0x4)
 *(.ARM.extab* .gnu.linkonce.armextab.*)
                0x00000000080062d8                . = ALIGN (0x4)

.ARM            0x00000000080062d8        0x8
                0x00000000080062d8                . = ALIGN (0x4)
                0x00000000080062d8                __exidx_start = .
 *(.ARM.exidx*)
 .ARM.exidx     0x00000000080062d8        0x8 d:/st/stm32cubeide_1.4.0/stm32cubeide/plugins/com.st.stm32cube.ide.mcu.externaltools.gnu-tools-for-stm32.7-2018-q2-update.win32_1.5.0.202011040924/tools/bin/../lib/gcc/arm-none-eabi/7.3.1/thumb/v7e-m/fpv4-sp/hard\libgcc.a(_udivmoddi4.o)
                0x00000000080062e0                __exidx_end = .
                0x00000000080062e0                . = ALIGN (0x4)

.rel.dyn        0x00000000080062e0        0x0
 .rel.iplt      0x00000000080062e0        0x0 d:/st/stm32cubeide_1.4.0/stm32cubeide/plugins/com.st.stm32cube.ide.mcu.externaltools.gnu-tools-for-stm32.7-2018-q2-update.win32_1.5.0.202011040924/tools/bin/../lib/gcc/arm-none-eabi/7.3.1/thumb/v7e-m/fpv4-sp/hard/crtbegin.o

.preinit_array  0x00000000080062e0        0x0
                0x00000000080062e0                . = ALIGN (0x4)
                0x00000000080062e0                PROVIDE (__preinit_array_start = .)
 *(.preinit_array*)
                0x00000000080062e0                PROVIDE (__preinit_array_end = .)
                0x00000000080062e0                . = ALIGN (0x4)

.init_array     0x00000000080062e0        0x4
                0x00000000080062e0                . = ALIGN (0x4)
                0x00000000080062e0                PROVIDE (__init_array_start = .)
 *(SORT_BY_NAME(.init_array.*))
 *(.init_array*)
 .init_array    0x00000000080062e0        0x4 d:/st/stm32cubeide_1.4.0/stm32cubeide/plugins/com.st.stm32cube.ide.mcu.externaltools.gnu-tools-for-stm32.7-2018-q2-update.win32_1.5.0.202011040924/tools/bin/../lib/gcc/arm-none-eabi/7.3.1/thumb/v7e-m/fpv4-sp/hard/crtbegin.o
                0x00000000080062e4                PROVIDE (__init_array_end = .)
                0x00000000080062e4                . = ALIGN (0x4)

.fini_array     0x00000000080062e4        0x4
                0x00000000080062e4                . = ALIGN (0x4)
                [!provide]                        PROVIDE (__fini_array_start = .)
 *(SORT_BY_NAME(.fini_array.*))
 *(.fini_array*)
 .fini_array    0x00000000080062e4        0x4 d:/st/stm32cubeide_1.4.0/stm32cubeide/plugins/com.st.stm32cube.ide.mcu.externaltools.gnu-tools-for-stm32.7-2018-q2-update.win32_1.5.0.202011040924/tools/bin/../lib/gcc/arm-none-eabi/7.3.1/thumb/v7e-m/fpv4-sp/hard/crtbegin.o
                [!provide]                        PROVIDE (__fini_array_end = .)
                0x00000000080062e8                . = ALIGN (0x4)
                0x00000000080062e8                _sidata = LOADADDR (.data)

.data           0x0000000020000000        0xc load address 0x00000000080062e8
                0x0000000020000000                . = ALIGN (0x4)
                0x0000000020000000                _sdata = .
 *(.data)
 *(.data*)
 .data.SystemCoreClock
                0x0000000020000000        0x4 Core/Src/system_stm32f7xx.o
                0x0000000020000000                SystemCoreClock
 .data.uwTickPrio
                0x0000000020000004        0x4 Drivers/STM32F7xx_HAL_Driver/Src/stm32f7xx_hal.o
                0x0000000020000004                uwTickPrio
 .data.uwTickFreq
                0x0000000020000008        0x1 Drivers/STM32F7xx_HAL_Driver/Src/stm32f7xx_hal.o
                0x0000000020000008                uwTickFreq
 *(.RamFunc)
 *(.RamFunc*)
                0x000000002000000c                . = ALIGN (0x4)
 *fill*         0x0000000020000009        0x3 
                0x000000002000000c                _edata = .

.igot.plt       0x000000002000000c        0x0 load address 0x00000000080062f4
 .igot.plt      0x000000002000000c        0x0 d:/st/stm32cubeide_1.4.0/stm32cubeide/plugins/com.st.stm32cube.ide.mcu.externaltools.gnu-tools-for-stm32.7-2018-q2-update.win32_1.5.0.202011040924/tools/bin/../lib/gcc/arm-none-eabi/7.3.1/thumb/v7e-m/fpv4-sp/hard/crtbegin.o
                0x000000002000000c                . = ALIGN (0x4)

.bss            0x000000002000000c      0x28c load address 0x00000000080062f4
                0x000000002000000c                _sbss = .
                0x000000002000000c                __bss_start__ = _sbss
 *(.bss)
 .bss           0x000000002000000c       0x1c d:/st/stm32cubeide_1.4.0/stm32cubeide/plugins/com.st.stm32cube.ide.mcu.externaltools.gnu-tools-for-stm32.7-2018-q2-update.win32_1.5.0.202011040924/tools/bin/../lib/gcc/arm-none-eabi/7.3.1/thumb/v7e-m/fpv4-sp/hard/crtbegin.o
 *(.bss*)
 *(COMMON)
 COMMON         0x0000000020000028       0x48 Core/Src/adc.o
                0x0000000020000028                hadc1
 COMMON         0x0000000020000070       0x24 Core/Src/main.o
                0x0000000020000070                pd
 COMMON         0x0000000020000094      0x180 Core/Src/tim.o
                0x0000000020000094                htim4
                0x00000000200000d4                htim3
                0x0000000020000114                htim6
                0x0000000020000154                htim2
                0x0000000020000194                htim14
                0x00000000200001d4                htim7
 COMMON         0x0000000020000214       0x80 Core/Src/usart.o
                0x0000000020000214                huart3
 COMMON         0x0000000020000294        0x4 Drivers/STM32F7xx_HAL_Driver/Src/stm32f7xx_hal.o
                0x0000000020000294                uwTick
                0x0000000020000298                . = ALIGN (0x4)
                0x0000000020000298                _ebss = .
                0x0000000020000298                __bss_end__ = _ebss

._user_heap_stack
                0x0000000020000298      0x600 load address 0x00000000080062f4
                0x0000000020000298                . = ALIGN (0x8)
                [!provide]                        PROVIDE (end = .)
                0x0000000020000298                PROVIDE (_end = .)
                0x0000000020000498                . = (. + _Min_Heap_Size)
 *fill*         0x0000000020000298      0x200 
                0x0000000020000898                . = (. + _Min_Stack_Size)
 *fill*         0x0000000020000498      0x400 
                0x0000000020000898                . = ALIGN (0x8)

/DISCARD/
 libc.a(*)
 libm.a(*)
 libgcc.a(*)

.ARM.attributes
                0x0000000000000000       0x30
 *(.ARM.attributes)
 .ARM.attributes
                0x0000000000000000       0x22 d:/st/stm32cubeide_1.4.0/stm32cubeide/plugins/com.st.stm32cube.ide.mcu.externaltools.gnu-tools-for-stm32.7-2018-q2-update.win32_1.5.0.202011040924/tools/bin/../lib/gcc/arm-none-eabi/7.3.1/thumb/v7e-m/fpv4-sp/hard/crti.o
 .ARM.attributes
                0x0000000000000022       0x34 d:/st/stm32cubeide_1.4.0/stm32cubeide/plugins/com.st.stm32cube.ide.mcu.externaltools.gnu-tools-for-stm32.7-2018-q2-update.win32_1.5.0.202011040924/tools/bin/../lib/gcc/arm-none-eabi/7.3.1/thumb/v7e-m/fpv4-sp/hard/crtbegin.o
 .ARM.attributes
                0x0000000000000056       0x39 Core/Src/MS_UART_trns.o
 .ARM.attributes
                0x000000000000008f       0x39 Core/Src/MS_core.o
 .ARM.attributes
                0x00000000000000c8       0x39 Core/Src/MS_signal_control.o
 .ARM.attributes
                0x0000000000000101       0x39 Core/Src/adc.o
 .ARM.attributes
                0x000000000000013a       0x39 Core/Src/gpio.o
 .ARM.attributes
                0x0000000000000173       0x39 Core/Src/main.o
 .ARM.attributes
                0x00000000000001ac       0x39 Core/Src/stm32f7xx_hal_msp.o
 .ARM.attributes
                0x00000000000001e5       0x39 Core/Src/stm32f7xx_it.o
 .ARM.attributes
                0x000000000000021e       0x39 Core/Src/system_stm32f7xx.o
 .ARM.attributes
                0x0000000000000257       0x39 Core/Src/tim.o
 .ARM.attributes
                0x0000000000000290       0x39 Core/Src/usart.o
 .ARM.attributes
                0x00000000000002c9       0x21 Core/Startup/startup_stm32f746zgtx.o
 .ARM.attributes
                0x00000000000002ea       0x39 Drivers/STM32F7xx_HAL_Driver/Src/stm32f7xx_hal.o
 .ARM.attributes
                0x0000000000000323       0x39 Drivers/STM32F7xx_HAL_Driver/Src/stm32f7xx_hal_adc.o
 .ARM.attributes
                0x000000000000035c       0x39 Drivers/STM32F7xx_HAL_Driver/Src/stm32f7xx_hal_adc_ex.o
 .ARM.attributes
                0x0000000000000395       0x39 Drivers/STM32F7xx_HAL_Driver/Src/stm32f7xx_hal_cortex.o
 .ARM.attributes
                0x00000000000003ce       0x39 Drivers/STM32F7xx_HAL_Driver/Src/stm32f7xx_hal_dma.o
 .ARM.attributes
                0x0000000000000407       0x39 Drivers/STM32F7xx_HAL_Driver/Src/stm32f7xx_hal_gpio.o
 .ARM.attributes
                0x0000000000000440       0x39 Drivers/STM32F7xx_HAL_Driver/Src/stm32f7xx_hal_pwr_ex.o
 .ARM.attributes
                0x0000000000000479       0x39 Drivers/STM32F7xx_HAL_Driver/Src/stm32f7xx_hal_rcc.o
 .ARM.attributes
                0x00000000000004b2       0x39 Drivers/STM32F7xx_HAL_Driver/Src/stm32f7xx_hal_rcc_ex.o
 .ARM.attributes
                0x00000000000004eb       0x39 Drivers/STM32F7xx_HAL_Driver/Src/stm32f7xx_hal_tim.o
 .ARM.attributes
                0x0000000000000524       0x39 Drivers/STM32F7xx_HAL_Driver/Src/stm32f7xx_hal_tim_ex.o
 .ARM.attributes
                0x000000000000055d       0x39 Drivers/STM32F7xx_HAL_Driver/Src/stm32f7xx_hal_uart.o
 .ARM.attributes
                0x0000000000000596       0x34 d:/st/stm32cubeide_1.4.0/stm32cubeide/plugins/com.st.stm32cube.ide.mcu.externaltools.gnu-tools-for-stm32.7-2018-q2-update.win32_1.5.0.202011040924/tools/bin/../lib/gcc/arm-none-eabi/7.3.1/../../../../arm-none-eabi/lib/thumb/v7e-m/fpv4-sp/hard\libc_nano.a(lib_a-init.o)
 .ARM.attributes
                0x00000000000005ca       0x34 d:/st/stm32cubeide_1.4.0/stm32cubeide/plugins/com.st.stm32cube.ide.mcu.externaltools.gnu-tools-for-stm32.7-2018-q2-update.win32_1.5.0.202011040924/tools/bin/../lib/gcc/arm-none-eabi/7.3.1/../../../../arm-none-eabi/lib/thumb/v7e-m/fpv4-sp/hard\libc_nano.a(lib_a-memset.o)
 .ARM.attributes
                0x00000000000005fe       0x22 d:/st/stm32cubeide_1.4.0/stm32cubeide/plugins/com.st.stm32cube.ide.mcu.externaltools.gnu-tools-for-stm32.7-2018-q2-update.win32_1.5.0.202011040924/tools/bin/../lib/gcc/arm-none-eabi/7.3.1/thumb/v7e-m/fpv4-sp/hard\libgcc.a(_arm_addsubdf3.o)
 .ARM.attributes
                0x0000000000000620       0x22 d:/st/stm32cubeide_1.4.0/stm32cubeide/plugins/com.st.stm32cube.ide.mcu.externaltools.gnu-tools-for-stm32.7-2018-q2-update.win32_1.5.0.202011040924/tools/bin/../lib/gcc/arm-none-eabi/7.3.1/thumb/v7e-m/fpv4-sp/hard\libgcc.a(_arm_muldivdf3.o)
 .ARM.attributes
                0x0000000000000642       0x22 d:/st/stm32cubeide_1.4.0/stm32cubeide/plugins/com.st.stm32cube.ide.mcu.externaltools.gnu-tools-for-stm32.7-2018-q2-update.win32_1.5.0.202011040924/tools/bin/../lib/gcc/arm-none-eabi/7.3.1/thumb/v7e-m/fpv4-sp/hard\libgcc.a(_arm_fixunsdfsi.o)
 .ARM.attributes
                0x0000000000000664       0x22 d:/st/stm32cubeide_1.4.0/stm32cubeide/plugins/com.st.stm32cube.ide.mcu.externaltools.gnu-tools-for-stm32.7-2018-q2-update.win32_1.5.0.202011040924/tools/bin/../lib/gcc/arm-none-eabi/7.3.1/thumb/v7e-m/fpv4-sp/hard\libgcc.a(_aeabi_uldivmod.o)
 .ARM.attributes
                0x0000000000000686       0x34 d:/st/stm32cubeide_1.4.0/stm32cubeide/plugins/com.st.stm32cube.ide.mcu.externaltools.gnu-tools-for-stm32.7-2018-q2-update.win32_1.5.0.202011040924/tools/bin/../lib/gcc/arm-none-eabi/7.3.1/thumb/v7e-m/fpv4-sp/hard\libgcc.a(_udivmoddi4.o)
 .ARM.attributes
                0x00000000000006ba       0x22 d:/st/stm32cubeide_1.4.0/stm32cubeide/plugins/com.st.stm32cube.ide.mcu.externaltools.gnu-tools-for-stm32.7-2018-q2-update.win32_1.5.0.202011040924/tools/bin/../lib/gcc/arm-none-eabi/7.3.1/thumb/v7e-m/fpv4-sp/hard\libgcc.a(_dvmd_tls.o)
 .ARM.attributes
                0x00000000000006dc       0x22 d:/st/stm32cubeide_1.4.0/stm32cubeide/plugins/com.st.stm32cube.ide.mcu.externaltools.gnu-tools-for-stm32.7-2018-q2-update.win32_1.5.0.202011040924/tools/bin/../lib/gcc/arm-none-eabi/7.3.1/thumb/v7e-m/fpv4-sp/hard/crtn.o
OUTPUT(LAB_4.elf elf32-littlearm)

.debug_info     0x0000000000000000    0x15308
 .debug_info    0x0000000000000000     0x1506 Core/Src/MS_UART_trns.o
 .debug_info    0x0000000000001506     0x14cb Core/Src/MS_core.o
 .debug_info    0x00000000000029d1     0x169d Core/Src/MS_signal_control.o
 .debug_info    0x000000000000406e      0xc8b Core/Src/adc.o
 .debug_info    0x0000000000004cf9      0x7c7 Core/Src/gpio.o
 .debug_info    0x00000000000054c0     0x1aff Core/Src/main.o
 .debug_info    0x0000000000006fbf      0x60d Core/Src/stm32f7xx_hal_msp.o
 .debug_info    0x00000000000075cc      0xd2d Core/Src/stm32f7xx_it.o
 .debug_info    0x00000000000082f9      0x73d Core/Src/system_stm32f7xx.o
 .debug_info    0x0000000000008a36     0x1011 Core/Src/tim.o
 .debug_info    0x0000000000009a47      0xccc Core/Src/usart.o
 .debug_info    0x000000000000a713       0x22 Core/Startup/startup_stm32f746zgtx.o
 .debug_info    0x000000000000a735      0x9d3 Drivers/STM32F7xx_HAL_Driver/Src/stm32f7xx_hal.o
 .debug_info    0x000000000000b108      0xc9d Drivers/STM32F7xx_HAL_Driver/Src/stm32f7xx_hal_adc.o
 .debug_info    0x000000000000bda5      0xaf9 Drivers/STM32F7xx_HAL_Driver/Src/stm32f7xx_hal_adc_ex.o
 .debug_info    0x000000000000c89e     0x104a Drivers/STM32F7xx_HAL_Driver/Src/stm32f7xx_hal_cortex.o
 .debug_info    0x000000000000d8e8      0x968 Drivers/STM32F7xx_HAL_Driver/Src/stm32f7xx_hal_dma.o
 .debug_info    0x000000000000e250      0x7dc Drivers/STM32F7xx_HAL_Driver/Src/stm32f7xx_hal_gpio.o
 .debug_info    0x000000000000ea2c      0x96b Drivers/STM32F7xx_HAL_Driver/Src/stm32f7xx_hal_pwr_ex.o
 .debug_info    0x000000000000f397      0x935 Drivers/STM32F7xx_HAL_Driver/Src/stm32f7xx_hal_rcc.o
 .debug_info    0x000000000000fccc      0x7ad Drivers/STM32F7xx_HAL_Driver/Src/stm32f7xx_hal_rcc_ex.o
 .debug_info    0x0000000000010479     0x25a2 Drivers/STM32F7xx_HAL_Driver/Src/stm32f7xx_hal_tim.o
 .debug_info    0x0000000000012a1b     0x121c Drivers/STM32F7xx_HAL_Driver/Src/stm32f7xx_hal_tim_ex.o
 .debug_info    0x0000000000013c37     0x16d1 Drivers/STM32F7xx_HAL_Driver/Src/stm32f7xx_hal_uart.o

.debug_abbrev   0x0000000000000000     0x2b7c
 .debug_abbrev  0x0000000000000000      0x210 Core/Src/MS_UART_trns.o
 .debug_abbrev  0x0000000000000210      0x1e0 Core/Src/MS_core.o
 .debug_abbrev  0x00000000000003f0      0x230 Core/Src/MS_signal_control.o
 .debug_abbrev  0x0000000000000620      0x1a2 Core/Src/adc.o
 .debug_abbrev  0x00000000000007c2      0x13d Core/Src/gpio.o
 .debug_abbrev  0x00000000000008ff      0x246 Core/Src/main.o
 .debug_abbrev  0x0000000000000b45      0x112 Core/Src/stm32f7xx_hal_msp.o
 .debug_abbrev  0x0000000000000c57      0x181 Core/Src/stm32f7xx_it.o
 .debug_abbrev  0x0000000000000dd8      0x147 Core/Src/system_stm32f7xx.o
 .debug_abbrev  0x0000000000000f1f      0x203 Core/Src/tim.o
 .debug_abbrev  0x0000000000001122      0x1a2 Core/Src/usart.o
 .debug_abbrev  0x00000000000012c4       0x12 Core/Startup/startup_stm32f746zgtx.o
 .debug_abbrev  0x00000000000012d6      0x1c7 Drivers/STM32F7xx_HAL_Driver/Src/stm32f7xx_hal.o
 .debug_abbrev  0x000000000000149d      0x205 Drivers/STM32F7xx_HAL_Driver/Src/stm32f7xx_hal_adc.o
 .debug_abbrev  0x00000000000016a2      0x21c Drivers/STM32F7xx_HAL_Driver/Src/stm32f7xx_hal_adc_ex.o
 .debug_abbrev  0x00000000000018be      0x2fa Drivers/STM32F7xx_HAL_Driver/Src/stm32f7xx_hal_cortex.o
 .debug_abbrev  0x0000000000001bb8      0x229 Drivers/STM32F7xx_HAL_Driver/Src/stm32f7xx_hal_dma.o
 .debug_abbrev  0x0000000000001de1      0x1c9 Drivers/STM32F7xx_HAL_Driver/Src/stm32f7xx_hal_gpio.o
 .debug_abbrev  0x0000000000001faa      0x1b8 Drivers/STM32F7xx_HAL_Driver/Src/stm32f7xx_hal_pwr_ex.o
 .debug_abbrev  0x0000000000002162      0x21a Drivers/STM32F7xx_HAL_Driver/Src/stm32f7xx_hal_rcc.o
 .debug_abbrev  0x000000000000237c      0x1ad Drivers/STM32F7xx_HAL_Driver/Src/stm32f7xx_hal_rcc_ex.o
 .debug_abbrev  0x0000000000002529      0x230 Drivers/STM32F7xx_HAL_Driver/Src/stm32f7xx_hal_tim.o
 .debug_abbrev  0x0000000000002759      0x21e Drivers/STM32F7xx_HAL_Driver/Src/stm32f7xx_hal_tim_ex.o
 .debug_abbrev  0x0000000000002977      0x205 Drivers/STM32F7xx_HAL_Driver/Src/stm32f7xx_hal_uart.o

.debug_aranges  0x0000000000000000      0xfe8
 .debug_aranges
                0x0000000000000000       0x28 Core/Src/MS_UART_trns.o
 .debug_aranges
                0x0000000000000028       0x20 Core/Src/MS_core.o
 .debug_aranges
                0x0000000000000048       0x58 Core/Src/MS_signal_control.o
 .debug_aranges
                0x00000000000000a0       0x30 Core/Src/adc.o
 .debug_aranges
                0x00000000000000d0       0x20 Core/Src/gpio.o
 .debug_aranges
                0x00000000000000f0       0x48 Core/Src/main.o
 .debug_aranges
                0x0000000000000138       0x20 Core/Src/stm32f7xx_hal_msp.o
 .debug_aranges
                0x0000000000000158       0xb8 Core/Src/stm32f7xx_it.o
 .debug_aranges
                0x0000000000000210       0x28 Core/Src/system_stm32f7xx.o
 .debug_aranges
                0x0000000000000238       0x60 Core/Src/tim.o
 .debug_aranges
                0x0000000000000298       0x30 Core/Src/usart.o
 .debug_aranges
                0x00000000000002c8       0x28 Core/Startup/startup_stm32f746zgtx.o
 .debug_aranges
                0x00000000000002f0      0x100 Drivers/STM32F7xx_HAL_Driver/Src/stm32f7xx_hal.o
 .debug_aranges
                0x00000000000003f0       0xe8 Drivers/STM32F7xx_HAL_Driver/Src/stm32f7xx_hal_adc.o
 .debug_aranges
                0x00000000000004d8       0x90 Drivers/STM32F7xx_HAL_Driver/Src/stm32f7xx_hal_adc_ex.o
 .debug_aranges
                0x0000000000000568      0x118 Drivers/STM32F7xx_HAL_Driver/Src/stm32f7xx_hal_cortex.o
 .debug_aranges
                0x0000000000000680       0x90 Drivers/STM32F7xx_HAL_Driver/Src/stm32f7xx_hal_dma.o
 .debug_aranges
                0x0000000000000710       0x58 Drivers/STM32F7xx_HAL_Driver/Src/stm32f7xx_hal_gpio.o
 .debug_aranges
                0x0000000000000768       0x80 Drivers/STM32F7xx_HAL_Driver/Src/stm32f7xx_hal_pwr_ex.o
 .debug_aranges
                0x00000000000007e8       0x88 Drivers/STM32F7xx_HAL_Driver/Src/stm32f7xx_hal_rcc.o
 .debug_aranges
                0x0000000000000870       0x50 Drivers/STM32F7xx_HAL_Driver/Src/stm32f7xx_hal_rcc_ex.o
 .debug_aranges
                0x00000000000008c0      0x3b8 Drivers/STM32F7xx_HAL_Driver/Src/stm32f7xx_hal_tim.o
 .debug_aranges
                0x0000000000000c78      0x160 Drivers/STM32F7xx_HAL_Driver/Src/stm32f7xx_hal_tim_ex.o
 .debug_aranges
                0x0000000000000dd8      0x210 Drivers/STM32F7xx_HAL_Driver/Src/stm32f7xx_hal_uart.o

.debug_ranges   0x0000000000000000      0xe70
 .debug_ranges  0x0000000000000000       0x18 Core/Src/MS_UART_trns.o
 .debug_ranges  0x0000000000000018       0x10 Core/Src/MS_core.o
 .debug_ranges  0x0000000000000028       0x48 Core/Src/MS_signal_control.o
 .debug_ranges  0x0000000000000070       0x20 Core/Src/adc.o
 .debug_ranges  0x0000000000000090       0x10 Core/Src/gpio.o
 .debug_ranges  0x00000000000000a0       0x38 Core/Src/main.o
 .debug_ranges  0x00000000000000d8       0x10 Core/Src/stm32f7xx_hal_msp.o
 .debug_ranges  0x00000000000000e8       0xa8 Core/Src/stm32f7xx_it.o
 .debug_ranges  0x0000000000000190       0x18 Core/Src/system_stm32f7xx.o
 .debug_ranges  0x00000000000001a8       0x50 Core/Src/tim.o
 .debug_ranges  0x00000000000001f8       0x20 Core/Src/usart.o
 .debug_ranges  0x0000000000000218       0x20 Core/Startup/startup_stm32f746zgtx.o
 .debug_ranges  0x0000000000000238       0xf0 Drivers/STM32F7xx_HAL_Driver/Src/stm32f7xx_hal.o
 .debug_ranges  0x0000000000000328       0xd8 Drivers/STM32F7xx_HAL_Driver/Src/stm32f7xx_hal_adc.o
 .debug_ranges  0x0000000000000400       0x80 Drivers/STM32F7xx_HAL_Driver/Src/stm32f7xx_hal_adc_ex.o
 .debug_ranges  0x0000000000000480      0x108 Drivers/STM32F7xx_HAL_Driver/Src/stm32f7xx_hal_cortex.o
 .debug_ranges  0x0000000000000588       0x80 Drivers/STM32F7xx_HAL_Driver/Src/stm32f7xx_hal_dma.o
 .debug_ranges  0x0000000000000608       0x48 Drivers/STM32F7xx_HAL_Driver/Src/stm32f7xx_hal_gpio.o
 .debug_ranges  0x0000000000000650       0x70 Drivers/STM32F7xx_HAL_Driver/Src/stm32f7xx_hal_pwr_ex.o
 .debug_ranges  0x00000000000006c0       0x78 Drivers/STM32F7xx_HAL_Driver/Src/stm32f7xx_hal_rcc.o
 .debug_ranges  0x0000000000000738       0x40 Drivers/STM32F7xx_HAL_Driver/Src/stm32f7xx_hal_rcc_ex.o
 .debug_ranges  0x0000000000000778      0x3a8 Drivers/STM32F7xx_HAL_Driver/Src/stm32f7xx_hal_tim.o
 .debug_ranges  0x0000000000000b20      0x150 Drivers/STM32F7xx_HAL_Driver/Src/stm32f7xx_hal_tim_ex.o
 .debug_ranges  0x0000000000000c70      0x200 Drivers/STM32F7xx_HAL_Driver/Src/stm32f7xx_hal_uart.o

.debug_macro    0x0000000000000000    0x2865f
 .debug_macro   0x0000000000000000      0x433 Core/Src/MS_UART_trns.o
 .debug_macro   0x0000000000000433      0xa5a Core/Src/MS_UART_trns.o
 .debug_macro   0x0000000000000e8d      0x299 Core/Src/MS_UART_trns.o
 .debug_macro   0x0000000000001126       0x2e Core/Src/MS_UART_trns.o
 .debug_macro   0x0000000000001154       0x3b Core/Src/MS_UART_trns.o
 .debug_macro   0x000000000000118f       0x22 Core/Src/MS_UART_trns.o
 .debug_macro   0x00000000000011b1       0x8e Core/Src/MS_UART_trns.o
 .debug_macro   0x000000000000123f       0x51 Core/Src/MS_UART_trns.o
 .debug_macro   0x0000000000001290       0xef Core/Src/MS_UART_trns.o
 .debug_macro   0x000000000000137f       0x6a Core/Src/MS_UART_trns.o
 .debug_macro   0x00000000000013e9      0x1df Core/Src/MS_UART_trns.o
 .debug_macro   0x00000000000015c8       0x1c Core/Src/MS_UART_trns.o
 .debug_macro   0x00000000000015e4       0x22 Core/Src/MS_UART_trns.o
 .debug_macro   0x0000000000001606       0xdf Core/Src/MS_UART_trns.o
 .debug_macro   0x00000000000016e5     0x12cd Core/Src/MS_UART_trns.o
 .debug_macro   0x00000000000029b2      0x11f Core/Src/MS_UART_trns.o
 .debug_macro   0x0000000000002ad1       0x19 Core/Src/MS_UART_trns.o
 .debug_macro   0x0000000000002aea    0x190f0 Core/Src/MS_UART_trns.o
 .debug_macro   0x000000000001bbda       0x43 Core/Src/MS_UART_trns.o
 .debug_macro   0x000000000001bc1d     0x36b4 Core/Src/MS_UART_trns.o
 .debug_macro   0x000000000001f2d1      0x174 Core/Src/MS_UART_trns.o
 .debug_macro   0x000000000001f445       0x61 Core/Src/MS_UART_trns.o
 .debug_macro   0x000000000001f4a6     0x18ad Core/Src/MS_UART_trns.o
 .debug_macro   0x0000000000020d53      0x6c4 Core/Src/MS_UART_trns.o
 .debug_macro   0x0000000000021417      0x185 Core/Src/MS_UART_trns.o
 .debug_macro   0x000000000002159c      0x117 Core/Src/MS_UART_trns.o
 .debug_macro   0x00000000000216b3      0x1fe Core/Src/MS_UART_trns.o
 .debug_macro   0x00000000000218b1       0x27 Core/Src/MS_UART_trns.o
 .debug_macro   0x00000000000218d8      0x24f Core/Src/MS_UART_trns.o
 .debug_macro   0x0000000000021b27       0x41 Core/Src/MS_UART_trns.o
 .debug_macro   0x0000000000021b68       0x58 Core/Src/MS_UART_trns.o
 .debug_macro   0x0000000000021bc0      0x236 Core/Src/MS_UART_trns.o
 .debug_macro   0x0000000000021df6      0x416 Core/Src/MS_UART_trns.o
 .debug_macro   0x000000000002220c      0x153 Core/Src/MS_UART_trns.o
 .debug_macro   0x000000000002235f      0x107 Core/Src/MS_UART_trns.o
 .debug_macro   0x0000000000022466      0x14f Core/Src/MS_UART_trns.o
 .debug_macro   0x00000000000225b5      0x25b Core/Src/MS_UART_trns.o
 .debug_macro   0x0000000000022810       0x12 Core/Src/MS_UART_trns.o
 .debug_macro   0x0000000000022822      0x22c Core/Src/MS_UART_trns.o
 .debug_macro   0x0000000000022a4e       0x5a Core/Src/MS_UART_trns.o
 .debug_macro   0x0000000000022aa8       0xa5 Core/Src/MS_UART_trns.o
 .debug_macro   0x0000000000022b4d      0x12f Core/Src/MS_UART_trns.o
 .debug_macro   0x0000000000022c7c      0x108 Core/Src/MS_UART_trns.o
 .debug_macro   0x0000000000022d84       0x35 Core/Src/MS_UART_trns.o
 .debug_macro   0x0000000000022db9      0xa2f Core/Src/MS_UART_trns.o
 .debug_macro   0x00000000000237e8       0x59 Core/Src/MS_UART_trns.o
 .debug_macro   0x0000000000023841      0x53c Core/Src/MS_UART_trns.o
 .debug_macro   0x0000000000023d7d       0x44 Core/Src/MS_UART_trns.o
 .debug_macro   0x0000000000023dc1      0x14e Core/Src/MS_UART_trns.o
 .debug_macro   0x0000000000023f0f      0x26f Core/Src/MS_UART_trns.o
 .debug_macro   0x000000000002417e       0x46 Core/Src/MS_UART_trns.o
 .debug_macro   0x00000000000241c4       0x18 Core/Src/MS_UART_trns.o
 .debug_macro   0x00000000000241dc       0x3c Core/Src/MS_UART_trns.o
 .debug_macro   0x0000000000024218       0x34 Core/Src/MS_UART_trns.o
 .debug_macro   0x000000000002424c       0x16 Core/Src/MS_UART_trns.o
 .debug_macro   0x0000000000024262       0x35 Core/Src/MS_UART_trns.o
 .debug_macro   0x0000000000024297      0x32a Core/Src/MS_UART_trns.o
 .debug_macro   0x00000000000245c1       0x10 Core/Src/MS_UART_trns.o
 .debug_macro   0x00000000000245d1       0x52 Core/Src/MS_UART_trns.o
 .debug_macro   0x0000000000024623       0x1f Core/Src/MS_UART_trns.o
 .debug_macro   0x0000000000024642       0x43 Core/Src/MS_UART_trns.o
 .debug_macro   0x0000000000024685       0x20 Core/Src/MS_UART_trns.o
 .debug_macro   0x00000000000246a5      0x1a3 Core/Src/MS_UART_trns.o
 .debug_macro   0x0000000000024848       0x10 Core/Src/MS_UART_trns.o
 .debug_macro   0x0000000000024858       0x1c Core/Src/MS_UART_trns.o
 .debug_macro   0x0000000000024874       0x52 Core/Src/MS_UART_trns.o
 .debug_macro   0x00000000000248c6       0x40 Core/Src/MS_UART_trns.o
 .debug_macro   0x0000000000024906       0x10 Core/Src/MS_UART_trns.o
 .debug_macro   0x0000000000024916       0x40 Core/Src/MS_UART_trns.o
 .debug_macro   0x0000000000024956       0xd7 Core/Src/MS_UART_trns.o
 .debug_macro   0x0000000000024a2d       0x1c Core/Src/MS_UART_trns.o
 .debug_macro   0x0000000000024a49       0x3d Core/Src/MS_UART_trns.o
 .debug_macro   0x0000000000024a86       0x16 Core/Src/MS_UART_trns.o
 .debug_macro   0x0000000000024a9c      0x145 Core/Src/MS_UART_trns.o
 .debug_macro   0x0000000000024be1       0x16 Core/Src/MS_UART_trns.o
 .debug_macro   0x0000000000024bf7       0x20 Core/Src/MS_UART_trns.o
 .debug_macro   0x0000000000024c17      0x1e1 Core/Src/MS_UART_trns.o
 .debug_macro   0x0000000000024df8      0x201 Core/Src/MS_UART_trns.o
 .debug_macro   0x0000000000024ff9       0x2b Core/Src/MS_UART_trns.o
 .debug_macro   0x0000000000025024      0x118 Core/Src/MS_UART_trns.o
 .debug_macro   0x000000000002513c      0x169 Core/Src/MS_UART_trns.o
 .debug_macro   0x00000000000252a5      0x433 Core/Src/MS_core.o
 .debug_macro   0x00000000000256d8      0x42f Core/Src/MS_signal_control.o
 .debug_macro   0x0000000000025b07      0x215 Core/Src/adc.o
 .debug_macro   0x0000000000025d1c      0x215 Core/Src/gpio.o
 .debug_macro   0x0000000000025f31      0x457 Core/Src/main.o
 .debug_macro   0x0000000000026388      0x20b Core/Src/stm32f7xx_hal_msp.o
 .debug_macro   0x0000000000026593      0x215 Core/Src/stm32f7xx_it.o
 .debug_macro   0x00000000000267a8      0x202 Core/Src/system_stm32f7xx.o
 .debug_macro   0x00000000000269aa      0x215 Core/Src/tim.o
 .debug_macro   0x0000000000026bbf      0x215 Core/Src/usart.o
 .debug_macro   0x0000000000026dd4      0x220 Drivers/STM32F7xx_HAL_Driver/Src/stm32f7xx_hal.o
 .debug_macro   0x0000000000026ff4      0x1fd Drivers/STM32F7xx_HAL_Driver/Src/stm32f7xx_hal_adc.o
 .debug_macro   0x00000000000271f1      0x1fc Drivers/STM32F7xx_HAL_Driver/Src/stm32f7xx_hal_adc_ex.o
 .debug_macro   0x00000000000273ed      0x1fc Drivers/STM32F7xx_HAL_Driver/Src/stm32f7xx_hal_cortex.o
 .debug_macro   0x00000000000275e9      0x202 Drivers/STM32F7xx_HAL_Driver/Src/stm32f7xx_hal_dma.o
 .debug_macro   0x00000000000277eb      0x232 Drivers/STM32F7xx_HAL_Driver/Src/stm32f7xx_hal_gpio.o
 .debug_macro   0x0000000000027a1d      0x214 Drivers/STM32F7xx_HAL_Driver/Src/stm32f7xx_hal_pwr_ex.o
 .debug_macro   0x0000000000027c31      0x220 Drivers/STM32F7xx_HAL_Driver/Src/stm32f7xx_hal_rcc.o
 .debug_macro   0x0000000000027e51      0x1fc Drivers/STM32F7xx_HAL_Driver/Src/stm32f7xx_hal_rcc_ex.o
 .debug_macro   0x000000000002804d      0x1fd Drivers/STM32F7xx_HAL_Driver/Src/stm32f7xx_hal_tim.o
 .debug_macro   0x000000000002824a      0x1fc Drivers/STM32F7xx_HAL_Driver/Src/stm32f7xx_hal_tim_ex.o
 .debug_macro   0x0000000000028446      0x219 Drivers/STM32F7xx_HAL_Driver/Src/stm32f7xx_hal_uart.o

.debug_line     0x0000000000000000     0xf4ba
 .debug_line    0x0000000000000000      0xabe Core/Src/MS_UART_trns.o
 .debug_line    0x0000000000000abe      0xaaf Core/Src/MS_core.o
 .debug_line    0x000000000000156d      0xb57 Core/Src/MS_signal_control.o
 .debug_line    0x00000000000020c4      0x759 Core/Src/adc.o
 .debug_line    0x000000000000281d      0x78b Core/Src/gpio.o
 .debug_line    0x0000000000002fa8      0xb5a Core/Src/main.o
 .debug_line    0x0000000000003b02      0x71f Core/Src/stm32f7xx_hal_msp.o
 .debug_line    0x0000000000004221      0x889 Core/Src/stm32f7xx_it.o
 .debug_line    0x0000000000004aaa      0x736 Core/Src/system_stm32f7xx.o
 .debug_line    0x00000000000051e0      0x892 Core/Src/tim.o
 .debug_line    0x0000000000005a72      0x756 Core/Src/usart.o
 .debug_line    0x00000000000061c8       0x85 Core/Startup/startup_stm32f746zgtx.o
 .debug_line    0x000000000000624d      0x945 Drivers/STM32F7xx_HAL_Driver/Src/stm32f7xx_hal.o
 .debug_line    0x0000000000006b92      0xb6e Drivers/STM32F7xx_HAL_Driver/Src/stm32f7xx_hal_adc.o
 .debug_line    0x0000000000007700      0xa10 Drivers/STM32F7xx_HAL_Driver/Src/stm32f7xx_hal_adc_ex.o
 .debug_line    0x0000000000008110      0xa46 Drivers/STM32F7xx_HAL_Driver/Src/stm32f7xx_hal_cortex.o
 .debug_line    0x0000000000008b56      0x9f1 Drivers/STM32F7xx_HAL_Driver/Src/stm32f7xx_hal_dma.o
 .debug_line    0x0000000000009547      0x92a Drivers/STM32F7xx_HAL_Driver/Src/stm32f7xx_hal_gpio.o
 .debug_line    0x0000000000009e71      0x866 Drivers/STM32F7xx_HAL_Driver/Src/stm32f7xx_hal_pwr_ex.o
 .debug_line    0x000000000000a6d7      0x9bb Drivers/STM32F7xx_HAL_Driver/Src/stm32f7xx_hal_rcc.o
 .debug_line    0x000000000000b092      0x92d Drivers/STM32F7xx_HAL_Driver/Src/stm32f7xx_hal_rcc_ex.o
 .debug_line    0x000000000000b9bf     0x1a62 Drivers/STM32F7xx_HAL_Driver/Src/stm32f7xx_hal_tim.o
 .debug_line    0x000000000000d421      0xdcd Drivers/STM32F7xx_HAL_Driver/Src/stm32f7xx_hal_tim_ex.o
 .debug_line    0x000000000000e1ee     0x12cc Drivers/STM32F7xx_HAL_Driver/Src/stm32f7xx_hal_uart.o

.debug_str      0x0000000000000000    0xf5c09
 .debug_str     0x0000000000000000    0xf18a5 Core/Src/MS_UART_trns.o
                                      0xf2257 (size before relaxing)
 .debug_str     0x00000000000f18a5       0x3d Core/Src/MS_core.o
                                      0xf2242 (size before relaxing)
 .debug_str     0x00000000000f18e2      0x120 Core/Src/MS_signal_control.o
                                      0xf2330 (size before relaxing)
 .debug_str     0x00000000000f1a02      0x748 Core/Src/adc.o
                                      0xec990 (size before relaxing)
 .debug_str     0x00000000000f214a       0x20 Core/Src/gpio.o
                                      0xec551 (size before relaxing)
 .debug_str     0x00000000000f216a      0x40a Core/Src/main.o
                                      0xf27a4 (size before relaxing)
 .debug_str     0x00000000000f2574       0x2c Core/Src/stm32f7xx_hal_msp.o
                                      0xec4b6 (size before relaxing)
 .debug_str     0x00000000000f25a0      0x179 Core/Src/stm32f7xx_it.o
                                      0xec752 (size before relaxing)
 .debug_str     0x00000000000f2719      0x18d Core/Src/system_stm32f7xx.o
                                      0xeb6f2 (size before relaxing)
 .debug_str     0x00000000000f28a6      0x1c2 Core/Src/tim.o
                                      0xecb98 (size before relaxing)
 .debug_str     0x00000000000f2a68       0x57 Core/Src/usart.o
                                      0xec9bd (size before relaxing)
 .debug_str     0x00000000000f2abf       0x36 Core/Startup/startup_stm32f746zgtx.o
                                         0x6c (size before relaxing)
 .debug_str     0x00000000000f2af5      0x38c Drivers/STM32F7xx_HAL_Driver/Src/stm32f7xx_hal.o
                                      0xebfa4 (size before relaxing)
 .debug_str     0x00000000000f2e81      0x28c Drivers/STM32F7xx_HAL_Driver/Src/stm32f7xx_hal_adc.o
                                      0xebb95 (size before relaxing)
 .debug_str     0x00000000000f310d      0x302 Drivers/STM32F7xx_HAL_Driver/Src/stm32f7xx_hal_adc_ex.o
                                      0xebbcf (size before relaxing)
 .debug_str     0x00000000000f340f      0x388 Drivers/STM32F7xx_HAL_Driver/Src/stm32f7xx_hal_cortex.o
                                      0xec04b (size before relaxing)
 .debug_str     0x00000000000f3797      0x328 Drivers/STM32F7xx_HAL_Driver/Src/stm32f7xx_hal_dma.o
                                      0xeba2c (size before relaxing)
 .debug_str     0x00000000000f3abf      0x216 Drivers/STM32F7xx_HAL_Driver/Src/stm32f7xx_hal_gpio.o
                                      0xeb8c8 (size before relaxing)
 .debug_str     0x00000000000f3cd5      0x1d1 Drivers/STM32F7xx_HAL_Driver/Src/stm32f7xx_hal_pwr_ex.o
                                      0xeb96c (size before relaxing)
 .debug_str     0x00000000000f3ea6      0x278 Drivers/STM32F7xx_HAL_Driver/Src/stm32f7xx_hal_rcc.o
                                      0xeba0d (size before relaxing)
 .debug_str     0x00000000000f411e      0x161 Drivers/STM32F7xx_HAL_Driver/Src/stm32f7xx_hal_rcc_ex.o
                                      0xeb997 (size before relaxing)
 .debug_str     0x00000000000f427f      0xcab Drivers/STM32F7xx_HAL_Driver/Src/stm32f7xx_hal_tim.o
                                      0xec77e (size before relaxing)
 .debug_str     0x00000000000f4f2a      0x504 Drivers/STM32F7xx_HAL_Driver/Src/stm32f7xx_hal_tim_ex.o
                                      0xebfd1 (size before relaxing)
 .debug_str     0x00000000000f542e      0x7db Drivers/STM32F7xx_HAL_Driver/Src/stm32f7xx_hal_uart.o
                                      0xec251 (size before relaxing)

.comment        0x0000000000000000       0x7b
 .comment       0x0000000000000000       0x7b Core/Src/MS_UART_trns.o
                                         0x7c (size before relaxing)
 .comment       0x000000000000007b       0x7c Core/Src/MS_core.o
 .comment       0x000000000000007b       0x7c Core/Src/MS_signal_control.o
 .comment       0x000000000000007b       0x7c Core/Src/adc.o
 .comment       0x000000000000007b       0x7c Core/Src/gpio.o
 .comment       0x000000000000007b       0x7c Core/Src/main.o
 .comment       0x000000000000007b       0x7c Core/Src/stm32f7xx_hal_msp.o
 .comment       0x000000000000007b       0x7c Core/Src/stm32f7xx_it.o
 .comment       0x000000000000007b       0x7c Core/Src/system_stm32f7xx.o
 .comment       0x000000000000007b       0x7c Core/Src/tim.o
 .comment       0x000000000000007b       0x7c Core/Src/usart.o
 .comment       0x000000000000007b       0x7c Drivers/STM32F7xx_HAL_Driver/Src/stm32f7xx_hal.o
 .comment       0x000000000000007b       0x7c Drivers/STM32F7xx_HAL_Driver/Src/stm32f7xx_hal_adc.o
 .comment       0x000000000000007b       0x7c Drivers/STM32F7xx_HAL_Driver/Src/stm32f7xx_hal_adc_ex.o
 .comment       0x000000000000007b       0x7c Drivers/STM32F7xx_HAL_Driver/Src/stm32f7xx_hal_cortex.o
 .comment       0x000000000000007b       0x7c Drivers/STM32F7xx_HAL_Driver/Src/stm32f7xx_hal_dma.o
 .comment       0x000000000000007b       0x7c Drivers/STM32F7xx_HAL_Driver/Src/stm32f7xx_hal_gpio.o
 .comment       0x000000000000007b       0x7c Drivers/STM32F7xx_HAL_Driver/Src/stm32f7xx_hal_pwr_ex.o
 .comment       0x000000000000007b       0x7c Drivers/STM32F7xx_HAL_Driver/Src/stm32f7xx_hal_rcc.o
 .comment       0x000000000000007b       0x7c Drivers/STM32F7xx_HAL_Driver/Src/stm32f7xx_hal_rcc_ex.o
 .comment       0x000000000000007b       0x7c Drivers/STM32F7xx_HAL_Driver/Src/stm32f7xx_hal_tim.o
 .comment       0x000000000000007b       0x7c Drivers/STM32F7xx_HAL_Driver/Src/stm32f7xx_hal_tim_ex.o
 .comment       0x000000000000007b       0x7c Drivers/STM32F7xx_HAL_Driver/Src/stm32f7xx_hal_uart.o

.debug_frame    0x0000000000000000     0x4194
 .debug_frame   0x0000000000000000       0x5c Core/Src/MS_UART_trns.o
 .debug_frame   0x000000000000005c       0x34 Core/Src/MS_core.o
 .debug_frame   0x0000000000000090      0x14c Core/Src/MS_signal_control.o
 .debug_frame   0x00000000000001dc       0x7c Core/Src/adc.o
 .debug_frame   0x0000000000000258       0x38 Core/Src/gpio.o
 .debug_frame   0x0000000000000290       0xe0 Core/Src/main.o
 .debug_frame   0x0000000000000370       0x34 Core/Src/stm32f7xx_hal_msp.o
 .debug_frame   0x00000000000003a4      0x244 Core/Src/stm32f7xx_it.o
 .debug_frame   0x00000000000005e8       0x58 Core/Src/system_stm32f7xx.o
 .debug_frame   0x0000000000000640      0x14c Core/Src/tim.o
 .debug_frame   0x000000000000078c       0x74 Core/Src/usart.o
 .debug_frame   0x0000000000000800      0x3b4 Drivers/STM32F7xx_HAL_Driver/Src/stm32f7xx_hal.o
 .debug_frame   0x0000000000000bb4      0x3fc Drivers/STM32F7xx_HAL_Driver/Src/stm32f7xx_hal_adc.o
 .debug_frame   0x0000000000000fb0      0x250 Drivers/STM32F7xx_HAL_Driver/Src/stm32f7xx_hal_adc_ex.o
 .debug_frame   0x0000000000001200      0x498 Drivers/STM32F7xx_HAL_Driver/Src/stm32f7xx_hal_cortex.o
 .debug_frame   0x0000000000001698      0x250 Drivers/STM32F7xx_HAL_Driver/Src/stm32f7xx_hal_dma.o
 .debug_frame   0x00000000000018e8      0x14c Drivers/STM32F7xx_HAL_Driver/Src/stm32f7xx_hal_gpio.o
 .debug_frame   0x0000000000001a34      0x1c8 Drivers/STM32F7xx_HAL_Driver/Src/stm32f7xx_hal_pwr_ex.o
 .debug_frame   0x0000000000001bfc      0x1f4 Drivers/STM32F7xx_HAL_Driver/Src/stm32f7xx_hal_rcc.o
 .debug_frame   0x0000000000001df0      0x118 Drivers/STM32F7xx_HAL_Driver/Src/stm32f7xx_hal_rcc_ex.o
 .debug_frame   0x0000000000001f08     0x1144 Drivers/STM32F7xx_HAL_Driver/Src/stm32f7xx_hal_tim.o
 .debug_frame   0x000000000000304c      0x610 Drivers/STM32F7xx_HAL_Driver/Src/stm32f7xx_hal_tim_ex.o
 .debug_frame   0x000000000000365c      0x96c Drivers/STM32F7xx_HAL_Driver/Src/stm32f7xx_hal_uart.o
 .debug_frame   0x0000000000003fc8       0x2c d:/st/stm32cubeide_1.4.0/stm32cubeide/plugins/com.st.stm32cube.ide.mcu.externaltools.gnu-tools-for-stm32.7-2018-q2-update.win32_1.5.0.202011040924/tools/bin/../lib/gcc/arm-none-eabi/7.3.1/../../../../arm-none-eabi/lib/thumb/v7e-m/fpv4-sp/hard\libc_nano.a(lib_a-init.o)
 .debug_frame   0x0000000000003ff4       0x20 d:/st/stm32cubeide_1.4.0/stm32cubeide/plugins/com.st.stm32cube.ide.mcu.externaltools.gnu-tools-for-stm32.7-2018-q2-update.win32_1.5.0.202011040924/tools/bin/../lib/gcc/arm-none-eabi/7.3.1/../../../../arm-none-eabi/lib/thumb/v7e-m/fpv4-sp/hard\libc_nano.a(lib_a-memset.o)
 .debug_frame   0x0000000000004014       0xac d:/st/stm32cubeide_1.4.0/stm32cubeide/plugins/com.st.stm32cube.ide.mcu.externaltools.gnu-tools-for-stm32.7-2018-q2-update.win32_1.5.0.202011040924/tools/bin/../lib/gcc/arm-none-eabi/7.3.1/thumb/v7e-m/fpv4-sp/hard\libgcc.a(_arm_addsubdf3.o)
 .debug_frame   0x00000000000040c0       0x50 d:/st/stm32cubeide_1.4.0/stm32cubeide/plugins/com.st.stm32cube.ide.mcu.externaltools.gnu-tools-for-stm32.7-2018-q2-update.win32_1.5.0.202011040924/tools/bin/../lib/gcc/arm-none-eabi/7.3.1/thumb/v7e-m/fpv4-sp/hard\libgcc.a(_arm_muldivdf3.o)
 .debug_frame   0x0000000000004110       0x24 d:/st/stm32cubeide_1.4.0/stm32cubeide/plugins/com.st.stm32cube.ide.mcu.externaltools.gnu-tools-for-stm32.7-2018-q2-update.win32_1.5.0.202011040924/tools/bin/../lib/gcc/arm-none-eabi/7.3.1/thumb/v7e-m/fpv4-sp/hard\libgcc.a(_arm_fixunsdfsi.o)
 .debug_frame   0x0000000000004134       0x2c d:/st/stm32cubeide_1.4.0/stm32cubeide/plugins/com.st.stm32cube.ide.mcu.externaltools.gnu-tools-for-stm32.7-2018-q2-update.win32_1.5.0.202011040924/tools/bin/../lib/gcc/arm-none-eabi/7.3.1/thumb/v7e-m/fpv4-sp/hard\libgcc.a(_aeabi_uldivmod.o)
 .debug_frame   0x0000000000004160       0x34 d:/st/stm32cubeide_1.4.0/stm32cubeide/plugins/com.st.stm32cube.ide.mcu.externaltools.gnu-tools-for-stm32.7-2018-q2-update.win32_1.5.0.202011040924/tools/bin/../lib/gcc/arm-none-eabi/7.3.1/thumb/v7e-m/fpv4-sp/hard\libgcc.a(_udivmoddi4.o)
