stm32f7xx_it.c:76:6:NMI_Handler	4	static
stm32f7xx_it.c:89:6:HardFault_Handler	4	static
stm32f7xx_it.c:104:6:MemManage_Handler	4	static
stm32f7xx_it.c:119:6:BusFault_Handler	4	static
stm32f7xx_it.c:134:6:UsageFault_Handler	4	static
stm32f7xx_it.c:149:6:SVC_Handler	4	static
stm32f7xx_it.c:162:6:DebugMon_Handler	4	static
stm32f7xx_it.c:175:6:PendSV_Handler	4	static
stm32f7xx_it.c:188:6:SysTick_Handler	8	static
stm32f7xx_it.c:209:6:RCC_IRQHandler	4	static
stm32f7xx_it.c:222:6:EXTI0_IRQHandler	8	static
stm32f7xx_it.c:236:6:ADC_IRQHandler	8	static
stm32f7xx_it.c:250:6:EXTI9_5_IRQHandler	8	static
stm32f7xx_it.c:266:6:TIM2_IRQHandler	8	static
stm32f7xx_it.c:280:6:TIM4_IRQHandler	8	static
stm32f7xx_it.c:294:6:USART3_IRQHandler	8	static
stm32f7xx_it.c:308:6:EXTI15_10_IRQHandler	8	static
stm32f7xx_it.c:323:6:TIM8_TRG_COM_TIM14_IRQHandler	8	static
stm32f7xx_it.c:337:6:TIM6_DAC_IRQHandler	8	static
stm32f7xx_it.c:351:6:TIM7_IRQHandler	8	static
